Archive member included to satisfy reference by file (symbol)

c:/st/stm32cubeide_1.11.0/stm32cubeide/plugins/com.st.stm32cube.ide.mcu.externaltools.gnu-tools-for-stm32.10.3-2021.10.win32_1.0.100.202210260954/tools/bin/../lib/gcc/arm-none-eabi/10.3.1/../../../../arm-none-eabi/lib/thumb/v7e-m+fp/hard\libstdc++_nano.a(del_ops.o)
                              ./Core/Src/oled.o (operator delete(void*, unsigned int))
c:/st/stm32cubeide_1.11.0/stm32cubeide/plugins/com.st.stm32cube.ide.mcu.externaltools.gnu-tools-for-stm32.10.3-2021.10.win32_1.0.100.202210260954/tools/bin/../lib/gcc/arm-none-eabi/10.3.1/../../../../arm-none-eabi/lib/thumb/v7e-m+fp/hard\libstdc++_nano.a(new_op.o)
                              ./Core/Src/oled.o (operator new(unsigned int))
c:/st/stm32cubeide_1.11.0/stm32cubeide/plugins/com.st.stm32cube.ide.mcu.externaltools.gnu-tools-for-stm32.10.3-2021.10.win32_1.0.100.202210260954/tools/bin/../lib/gcc/arm-none-eabi/10.3.1/../../../../arm-none-eabi/lib/thumb/v7e-m+fp/hard\libstdc++_nano.a(pure.o)
                              ./Core/Src/oled.o (__cxa_pure_virtual)
c:/st/stm32cubeide_1.11.0/stm32cubeide/plugins/com.st.stm32cube.ide.mcu.externaltools.gnu-tools-for-stm32.10.3-2021.10.win32_1.0.100.202210260954/tools/bin/../lib/gcc/arm-none-eabi/10.3.1/../../../../arm-none-eabi/lib/thumb/v7e-m+fp/hard\libstdc++_nano.a(allocator-inst.o)
                              ./Core/Src/skocko.o (std::allocator<char>::allocator())
c:/st/stm32cubeide_1.11.0/stm32cubeide/plugins/com.st.stm32cube.ide.mcu.externaltools.gnu-tools-for-stm32.10.3-2021.10.win32_1.0.100.202210260954/tools/bin/../lib/gcc/arm-none-eabi/10.3.1/../../../../arm-none-eabi/lib/thumb/v7e-m+fp/hard\libstdc++_nano.a(string-inst.o)
                              ./Core/Src/main.o (std::__cxx11::basic_string<char, std::char_traits<char>, std::allocator<char> >::basic_string())
c:/st/stm32cubeide_1.11.0/stm32cubeide/plugins/com.st.stm32cube.ide.mcu.externaltools.gnu-tools-for-stm32.10.3-2021.10.win32_1.0.100.202210260954/tools/bin/../lib/gcc/arm-none-eabi/10.3.1/../../../../arm-none-eabi/lib/thumb/v7e-m+fp/hard\libstdc++_nano.a(del_op.o)
                              c:/st/stm32cubeide_1.11.0/stm32cubeide/plugins/com.st.stm32cube.ide.mcu.externaltools.gnu-tools-for-stm32.10.3-2021.10.win32_1.0.100.202210260954/tools/bin/../lib/gcc/arm-none-eabi/10.3.1/../../../../arm-none-eabi/lib/thumb/v7e-m+fp/hard\libstdc++_nano.a(del_ops.o) (operator delete(void*))
c:/st/stm32cubeide_1.11.0/stm32cubeide/plugins/com.st.stm32cube.ide.mcu.externaltools.gnu-tools-for-stm32.10.3-2021.10.win32_1.0.100.202210260954/tools/bin/../lib/gcc/arm-none-eabi/10.3.1/../../../../arm-none-eabi/lib/thumb/v7e-m+fp/hard\libstdc++_nano.a(eh_terminate.o)
                              c:/st/stm32cubeide_1.11.0/stm32cubeide/plugins/com.st.stm32cube.ide.mcu.externaltools.gnu-tools-for-stm32.10.3-2021.10.win32_1.0.100.202210260954/tools/bin/../lib/gcc/arm-none-eabi/10.3.1/../../../../arm-none-eabi/lib/thumb/v7e-m+fp/hard\libstdc++_nano.a(pure.o) (std::terminate())
c:/st/stm32cubeide_1.11.0/stm32cubeide/plugins/com.st.stm32cube.ide.mcu.externaltools.gnu-tools-for-stm32.10.3-2021.10.win32_1.0.100.202210260954/tools/bin/../lib/gcc/arm-none-eabi/10.3.1/../../../../arm-none-eabi/lib/thumb/v7e-m+fp/hard\libstdc++_nano.a(eh_unex_handler.o)
                              c:/st/stm32cubeide_1.11.0/stm32cubeide/plugins/com.st.stm32cube.ide.mcu.externaltools.gnu-tools-for-stm32.10.3-2021.10.win32_1.0.100.202210260954/tools/bin/../lib/gcc/arm-none-eabi/10.3.1/../../../../arm-none-eabi/lib/thumb/v7e-m+fp/hard\libstdc++_nano.a(eh_terminate.o) (__cxxabiv1::__unexpected_handler)
c:/st/stm32cubeide_1.11.0/stm32cubeide/plugins/com.st.stm32cube.ide.mcu.externaltools.gnu-tools-for-stm32.10.3-2021.10.win32_1.0.100.202210260954/tools/bin/../lib/gcc/arm-none-eabi/10.3.1/../../../../arm-none-eabi/lib/thumb/v7e-m+fp/hard\libstdc++_nano.a(new_handler.o)
                              c:/st/stm32cubeide_1.11.0/stm32cubeide/plugins/com.st.stm32cube.ide.mcu.externaltools.gnu-tools-for-stm32.10.3-2021.10.win32_1.0.100.202210260954/tools/bin/../lib/gcc/arm-none-eabi/10.3.1/../../../../arm-none-eabi/lib/thumb/v7e-m+fp/hard\libstdc++_nano.a(new_op.o) (std::get_new_handler())
c:/st/stm32cubeide_1.11.0/stm32cubeide/plugins/com.st.stm32cube.ide.mcu.externaltools.gnu-tools-for-stm32.10.3-2021.10.win32_1.0.100.202210260954/tools/bin/../lib/gcc/arm-none-eabi/10.3.1/../../../../arm-none-eabi/lib/thumb/v7e-m+fp/hard\libstdc++_nano.a(functexcept.o)
                              c:/st/stm32cubeide_1.11.0/stm32cubeide/plugins/com.st.stm32cube.ide.mcu.externaltools.gnu-tools-for-stm32.10.3-2021.10.win32_1.0.100.202210260954/tools/bin/../lib/gcc/arm-none-eabi/10.3.1/../../../../arm-none-eabi/lib/thumb/v7e-m+fp/hard\libstdc++_nano.a(string-inst.o) (std::__throw_bad_alloc())
[...]
Memory Configuration

Name             Origin             Length             Attributes
RAM              0x0000000020000000 0x0000000000018000 xrw
RAM2             0x0000000010000000 0x0000000000008000 xrw
FLASH            0x0000000008000000 0x0000000000100000 xr
*default*        0x0000000000000000 0xffffffffffffffff

Linker script and memory map

LOAD c:/st/stm32cubeide_1.11.0/stm32cubeide/plugins/com.st.stm32cube.ide.mcu.externaltools.gnu-tools-for-stm32.10.3-2021.10.win32_1.0.100.202210260954/tools/bin/../lib/gcc/arm-none-eabi/10.3.1/thumb/v7e-m+fp/hard/crti.o
LOAD c:/st/stm32cubeide_1.11.0/stm32cubeide/plugins/com.st.stm32cube.ide.mcu.externaltools.gnu-tools-for-stm32.10.3-2021.10.win32_1.0.100.202210260954/tools/bin/../lib/gcc/arm-none-eabi/10.3.1/thumb/v7e-m+fp/hard/crtbegin.o
LOAD c:/st/stm32cubeide_1.11.0/stm32cubeide/plugins/com.st.stm32cube.ide.mcu.externaltools.gnu-tools-for-stm32.10.3-2021.10.win32_1.0.100.202210260954/tools/bin/../lib/gcc/arm-none-eabi/10.3.1/../../../../arm-none-eabi/lib/thumb/v7e-m+fp/hard/crt0.o
LOAD ./Core/Src/adc.o
LOAD ./Core/Src/dma.o
LOAD ./Core/Src/font.o
LOAD ./Core/Src/gpio.o
LOAD ./Core/Src/i2c.o
LOAD ./Core/Src/main.o
LOAD ./Core/Src/oled.o
LOAD ./Core/Src/sev_seg.o
LOAD ./Core/Src/skocko.o
LOAD ./Core/Src/ssd1306.o
LOAD ./Core/Src/stm32l4xx_hal_msp.o
LOAD ./Core/Src/stm32l4xx_it.o
LOAD ./Core/Src/syscalls.o
LOAD ./Core/Src/sysmem.o
LOAD ./Core/Src/system_stm32l4xx.o
LOAD ./Core/Src/tim.o
LOAD ./Core/Src/usart.o
LOAD ./Core/Startup/startup_stm32l476rgtx.o
LOAD ./Drivers/STM32L4xx_HAL_Driver/Src/stm32l4xx_hal.o
LOAD ./Drivers/STM32L4xx_HAL_Driver/Src/stm32l4xx_hal_adc.o
LOAD ./Drivers/STM32L4xx_HAL_Driver/Src/stm32l4xx_hal_adc_ex.o
LOAD ./Drivers/STM32L4xx_HAL_Driver/Src/stm32l4xx_hal_cortex.o
LOAD ./Drivers/STM32L4xx_HAL_Driver/Src/stm32l4xx_hal_dma.o
LOAD ./Drivers/STM32L4xx_HAL_Driver/Src/stm32l4xx_hal_dma_ex.o
LOAD ./Drivers/STM32L4xx_HAL_Driver/Src/stm32l4xx_hal_exti.o
LOAD ./Drivers/STM32L4xx_HAL_Driver/Src/stm32l4xx_hal_flash.o
LOAD ./Drivers/STM32L4xx_HAL_Driver/Src/stm32l4xx_hal_flash_ex.o
LOAD ./Drivers/STM32L4xx_HAL_Driver/Src/stm32l4xx_hal_flash_ramfunc.o
LOAD ./Drivers/STM32L4xx_HAL_Driver/Src/stm32l4xx_hal_gpio.o
LOAD ./Drivers/STM32L4xx_HAL_Driver/Src/stm32l4xx_hal_i2c.o
LOAD ./Drivers/STM32L4xx_HAL_Driver/Src/stm32l4xx_hal_i2c_ex.o
LOAD ./Drivers/STM32L4xx_HAL_Driver/Src/stm32l4xx_hal_pwr.o
LOAD ./Drivers/STM32L4xx_HAL_Driver/Src/stm32l4xx_hal_pwr_ex.o
LOAD ./Drivers/STM32L4xx_HAL_Driver/Src/stm32l4xx_hal_rcc.o
LOAD ./Drivers/STM32L4xx_HAL_Driver/Src/stm32l4xx_hal_rcc_ex.o
LOAD ./Drivers/STM32L4xx_HAL_Driver/Src/stm32l4xx_hal_tim.o
LOAD ./Drivers/STM32L4xx_HAL_Driver/Src/stm32l4xx_hal_tim_ex.o
LOAD ./Drivers/STM32L4xx_HAL_Driver/Src/stm32l4xx_hal_uart.o
LOAD ./Drivers/STM32L4xx_HAL_Driver/Src/stm32l4xx_hal_uart_ex.o
START GROUP
LOAD c:/st/stm32cubeide_1.11.0/stm32cubeide/plugins/com.st.stm32cube.ide.mcu.externaltools.gnu-tools-for-stm32.10.3-2021.10.win32_1.0.100.202210260954/tools/bin/../lib/gcc/arm-none-eabi/10.3.1/../../../../arm-none-eabi/lib/thumb/v7e-m+fp/hard\libstdc++_nano.a
LOAD c:/st/stm32cubeide_1.11.0/stm32cubeide/plugins/com.st.stm32cube.ide.mcu.externaltools.gnu-tools-for-stm32.10.3-2021.10.win32_1.0.100.202210260954/tools/bin/../lib/gcc/arm-none-eabi/10.3.1/../../../../arm-none-eabi/lib/thumb/v7e-m+fp/hard\libsupc++_nano.a
END GROUP
LOAD c:/st/stm32cubeide_1.11.0/stm32cubeide/plugins/com.st.stm32cube.ide.mcu.externaltools.gnu-tools-for-stm32.10.3-2021.10.win32_1.0.100.202210260954/tools/bin/../lib/gcc/arm-none-eabi/10.3.1/../../../../arm-none-eabi/lib/thumb/v7e-m+fp/hard\libstdc++_nano.a
LOAD c:/st/stm32cubeide_1.11.0/stm32cubeide/plugins/com.st.stm32cube.ide.mcu.externaltools.gnu-tools-for-stm32.10.3-2021.10.win32_1.0.100.202210260954/tools/bin/../lib/gcc/arm-none-eabi/10.3.1/../../../../arm-none-eabi/lib/thumb/v7e-m+fp/hard\libm.a
LOAD c:/st/stm32cubeide_1.11.0/stm32cubeide/plugins/com.st.stm32cube.ide.mcu.externaltools.gnu-tools-for-stm32.10.3-2021.10.win32_1.0.100.202210260954/tools/bin/../lib/gcc/arm-none-eabi/10.3.1/../../../../arm-none-eabi/lib/thumb/v7e-m+fp/hard\libc_nano.a
START GROUP
LOAD c:/st/stm32cubeide_1.11.0/stm32cubeide/plugins/com.st.stm32cube.ide.mcu.externaltools.gnu-tools-for-stm32.10.3-2021.10.win32_1.0.100.202210260954/tools/bin/../lib/gcc/arm-none-eabi/10.3.1/thumb/v7e-m+fp/hard\libgcc.a
LOAD c:/st/stm32cubeide_1.11.0/stm32cubeide/plugins/com.st.stm32cube.ide.mcu.externaltools.gnu-tools-for-stm32.10.3-2021.10.win32_1.0.100.202210260954/tools/bin/../lib/gcc/arm-none-eabi/10.3.1/../../../../arm-none-eabi/lib/thumb/v7e-m+fp/hard\libc_nano.a
END GROUP
START GROUP
LOAD c:/st/stm32cubeide_1.11.0/stm32cubeide/plugins/com.st.stm32cube.ide.mcu.externaltools.gnu-tools-for-stm32.10.3-2021.10.win32_1.0.100.202210260954/tools/bin/../lib/gcc/arm-none-eabi/10.3.1/thumb/v7e-m+fp/hard\libgcc.a
LOAD c:/st/stm32cubeide_1.11.0/stm32cubeide/plugins/com.st.stm32cube.ide.mcu.externaltools.gnu-tools-for-stm32.10.3-2021.10.win32_1.0.100.202210260954/tools/bin/../lib/gcc/arm-none-eabi/10.3.1/../../../../arm-none-eabi/lib/thumb/v7e-m+fp/hard\libc_nano.a
LOAD c:/st/stm32cubeide_1.11.0/stm32cubeide/plugins/com.st.stm32cube.ide.mcu.externaltools.gnu-tools-for-stm32.10.3-2021.10.win32_1.0.100.202210260954/tools/bin/../lib/gcc/arm-none-eabi/10.3.1/../../../../arm-none-eabi/lib/thumb/v7e-m+fp/hard\libnosys.a
END GROUP
START GROUP
LOAD c:/st/stm32cubeide_1.11.0/stm32cubeide/plugins/com.st.stm32cube.ide.mcu.externaltools.gnu-tools-for-stm32.10.3-2021.10.win32_1.0.100.202210260954/tools/bin/../lib/gcc/arm-none-eabi/10.3.1/thumb/v7e-m+fp/hard\libgcc.a
LOAD c:/st/stm32cubeide_1.11.0/stm32cubeide/plugins/com.st.stm32cube.ide.mcu.externaltools.gnu-tools-for-stm32.10.3-2021.10.win32_1.0.100.202210260954/tools/bin/../lib/gcc/arm-none-eabi/10.3.1/../../../../arm-none-eabi/lib/thumb/v7e-m+fp/hard\libc_nano.a
LOAD c:/st/stm32cubeide_1.11.0/stm32cubeide/plugins/com.st.stm32cube.ide.mcu.externaltools.gnu-tools-for-stm32.10.3-2021.10.win32_1.0.100.202210260954/tools/bin/../lib/gcc/arm-none-eabi/10.3.1/../../../../arm-none-eabi/lib/thumb/v7e-m+fp/hard\libnosys.a
END GROUP
LOAD c:/st/stm32cubeide_1.11.0/stm32cubeide/plugins/com.st.stm32cube.ide.mcu.externaltools.gnu-tools-for-stm32.10.3-2021.10.win32_1.0.100.202210260954/tools/bin/../lib/gcc/arm-none-eabi/10.3.1/thumb/v7e-m+fp/hard/crtend.o
LOAD c:/st/stm32cubeide_1.11.0/stm32cubeide/plugins/com.st.stm32cube.ide.mcu.externaltools.gnu-tools-for-stm32.10.3-2021.10.win32_1.0.100.202210260954/tools/bin/../lib/gcc/arm-none-eabi/10.3.1/thumb/v7e-m+fp/hard/crtn.o
                0x0000000020018000                _estack = (ORIGIN (RAM) + LENGTH (RAM))
                0x0000000000000200                _Min_Heap_Size = 0x200
                0x0000000000000400                _Min_Stack_Size = 0x400

.isr_vector     0x0000000008000000      0x188
                0x0000000008000000                . = ALIGN (0x4)
 *(.isr_vector)
 .isr_vector    0x0000000008000000      0x188 ./Core/Startup/startup_stm32l476rgtx.o
                0x0000000008000000                g_pfnVectors
                0x0000000008000188                . = ALIGN (0x4)

.text           0x0000000008000188     0xbc1c
                0x0000000008000188                . = ALIGN (0x4)
 *(.text)
 .text          0x0000000008000188       0x40 c:/st/stm32cubeide_1.11.0/stm32cubeide/plugins/com.st.stm32cube.ide.mcu.externaltools.gnu-tools-for-stm32.10.3-2021.10.win32_1.0.100.202210260954/tools/bin/../lib/gcc/arm-none-eabi/10.3.1/thumb/v7e-m+fp/hard/crtbegin.o
 .text          0x00000000080001c8       0x10 c:/st/stm32cubeide_1.11.0/stm32cubeide/plugins/com.st.stm32cube.ide.mcu.externaltools.gnu-tools-for-stm32.10.3-2021.10.win32_1.0.100.202210260954/tools/bin/../lib/gcc/arm-none-eabi/10.3.1/../../../../arm-none-eabi/lib/thumb/v7e-m+fp/hard\libc_nano.a(lib_a-strlen.o)
                0x00000000080001c8                strlen
 .text          0x00000000080001d8       0x30 c:/st/stm32cubeide_1.11.0/stm32cubeide/plugins/com.st.stm32cube.ide.mcu.externaltools.gnu-tools-for-stm32.10.3-2021.10.win32_1.0.100.202210260954/tools/bin/../lib/gcc/arm-none-eabi/10.3.1/thumb/v7e-m+fp/hard\libgcc.a(_aeabi_uldivmod.o)
                0x00000000080001d8                __aeabi_uldivmod
 .text          0x0000000008000208      0x2d0 c:/st/stm32cubeide_1.11.0/stm32cubeide/plugins/com.st.stm32cube.ide.mcu.externaltools.gnu-tools-for-stm32.10.3-2021.10.win32_1.0.100.202210260954/tools/bin/../lib/gcc/arm-none-eabi/10.3.1/thumb/v7e-m+fp/hard\libgcc.a(_udivmoddi4.o)
                0x0000000008000208                __udivmoddi4
 .text          0x00000000080004d8        0x4 c:/st/stm32cubeide_1.11.0/stm32cubeide/plugins/com.st.stm32cube.ide.mcu.externaltools.gnu-tools-for-stm32.10.3-2021.10.win32_1.0.100.202210260954/tools/bin/../lib/gcc/arm-none-eabi/10.3.1/thumb/v7e-m+fp/hard\libgcc.a(_dvmd_tls.o)
                0x00000000080004d8                __aeabi_idiv0
                0x00000000080004d8                __aeabi_ldiv0
 *(.text*)
 .text.MX_ADC1_Init
                0x00000000080004dc       0xec ./Core/Src/adc.o
                0x00000000080004dc                MX_ADC1_Init
 .text.MX_ADC2_Init
                0x00000000080005c8       0xc8 ./Core/Src/adc.o
                0x00000000080005c8                MX_ADC2_Init
 .text.HAL_ADC_MspInit
                0x0000000008000690      0x120 ./Core/Src/adc.o
                0x0000000008000690                HAL_ADC_MspInit
 .text.HAL_ADC_ConvCpltCallback
                0x00000000080007b0       0x50 ./Core/Src/adc.o
                0x00000000080007b0                HAL_ADC_ConvCpltCallback
 .text.MX_DMA_Init
                0x0000000008000800       0x3c ./Core/Src/dma.o
                0x0000000008000800                MX_DMA_Init
 .text.MX_GPIO_Init
                0x000000000800083c      0x12c ./Core/Src/gpio.o
                0x000000000800083c                MX_GPIO_Init
 .text.HAL_GPIO_EXTI_Callback
                0x0000000008000968       0x58 ./Core/Src/gpio.o
                0x0000000008000968                HAL_GPIO_EXTI_Callback
 .text.MX_I2C2_Init
                0x00000000080009c0       0x80 ./Core/Src/i2c.o
                0x00000000080009c0                MX_I2C2_Init
 .text.HAL_I2C_MspInit
                0x0000000008000a40      0x128 ./Core/Src/i2c.o
                0x0000000008000a40                HAL_I2C_MspInit
 .text.main     0x0000000008000b68       0x7c ./Core/Src/main.o
                0x0000000008000b68                main
 .text._Z18SystemClock_Configv
                0x0000000008000be4       0xc0 ./Core/Src/main.o
                0x0000000008000be4                SystemClock_Config()
 .text._Z24PeriphCommonClock_Configv
                0x0000000008000ca4       0x60 ./Core/Src/main.o
                0x0000000008000ca4                PeriphCommonClock_Config()
 .text.UpdateBrightnessFromADC
                0x0000000008000d04       0x2c ./Core/Src/main.o
                0x0000000008000d04                UpdateBrightnessFromADC
 .text.UpdateSkockoSymbolFromADC
                0x0000000008000d30      0x190 ./Core/Src/main.o
                0x0000000008000d30                UpdateSkockoSymbolFromADC
 .text.Timer3Callback
                0x0000000008000ec0       0x60 ./Core/Src/main.o
                0x0000000008000ec0                Timer3Callback
 .text.ButtonPressedEventCallback
                0x0000000008000f20      0x20c ./Core/Src/main.o
                0x0000000008000f20                ButtonPressedEventCallback
 .text.Error_Handler
                0x000000000800112c        0xa ./Core/Src/main.o
                0x000000000800112c                Error_Handler
 *fill*         0x0000000008001136        0x2 
 .text._ZN7DisplayC2Ev
                0x0000000008001138       0x20 ./Core/Src/oled.o
                0x0000000008001138                Display::Display()
                0x0000000008001138                Display::Display()
 .text._ZN4OLEDC2Ev
                0x0000000008001158       0x44 ./Core/Src/oled.o
                0x0000000008001158                OLED::OLED()
                0x0000000008001158                OLED::OLED()
 .text._ZN4OLED11GetInstanceEv
                0x000000000800119c       0x34 ./Core/Src/oled.o
                0x000000000800119c                OLED::GetInstance()
 .text._ZN4OLED4InitEP19__I2C_HandleTypeDef
                0x00000000080011d0       0x46 ./Core/Src/oled.o
                0x00000000080011d0                OLED::Init(__I2C_HandleTypeDef*)
 .text._ZN4OLED5ClearEv
                0x0000000008001216       0x1e ./Core/Src/oled.o
                0x0000000008001216                OLED::Clear()
 .text._ZN4OLED11PrintStringERKNSt7__cxx1112basic_stringIcSt11char_traitsIcESaIcEEERK8disp_pos
                0x0000000008001234       0x5c ./Core/Src/oled.o
                0x0000000008001234                OLED::PrintString(std::__cxx11::basic_string<char, std::char_traits<char>, std::allocator<char> > const&, disp_pos const&)
 .text._ZN4OLED15PrintSkockoCombEPKhRS0_S2_S2_
                0x0000000008001290       0xd0 ./Core/Src/oled.o
                0x0000000008001290                OLED::PrintSkockoComb(unsigned char const*, unsigned char const&, unsigned char const&, unsigned char const&)
 .text._ZN4OLED12UpdateScreenEv
                0x0000000008001360       0x1a ./Core/Src/oled.o
                0x0000000008001360                OLED::UpdateScreen()
 .text._ZN4OLED13SetBrightnessEh
                0x000000000800137a       0x22 ./Core/Src/oled.o
                0x000000000800137a                OLED::SetBrightness(unsigned char)
 .text._ZN4OLED7TurnOFFEv
                0x000000000800139c       0x1c ./Core/Src/oled.o
                0x000000000800139c                OLED::TurnOFF()
 .text._ZN4OLED6TurnONEv
                0x00000000080013b8       0x1c ./Core/Src/oled.o
                0x00000000080013b8                OLED::TurnON()
 .text._ZN7SEV_SEGC2Ev
                0x00000000080013d4       0x50 ./Core/Src/sev_seg.o
                0x00000000080013d4                SEV_SEG::SEV_SEG()
                0x00000000080013d4                SEV_SEG::SEV_SEG()
 .text._ZN7SEV_SEG11GetInstanceEv
                0x0000000008001424       0x34 ./Core/Src/sev_seg.o
                0x0000000008001424                SEV_SEG::GetInstance()
 .text._ZN7SEV_SEG5PrintEh
                0x0000000008001458       0x2c ./Core/Src/sev_seg.o
                0x0000000008001458                SEV_SEG::Print(unsigned char)
 .text._ZN7SEV_SEG5ClearEv
                0x0000000008001484       0x16 ./Core/Src/sev_seg.o
                0x0000000008001484                SEV_SEG::Clear()
 *fill*         0x000000000800149a        0x2 
 .text._ZN7SEV_SEG7TurnOFFEv
                0x000000000800149c       0x34 ./Core/Src/sev_seg.o
                0x000000000800149c                SEV_SEG::TurnOFF()
 .text._ZN7SEV_SEG6TurnONEv
                0x00000000080014d0       0x1e ./Core/Src/sev_seg.o
                0x00000000080014d0                SEV_SEG::TurnON()
 *fill*         0x00000000080014ee        0x2 
 .text._ZN7SEV_SEG13UpdateDisplayEv
                0x00000000080014f0      0x1b4 ./Core/Src/sev_seg.o
                0x00000000080014f0                SEV_SEG::UpdateDisplay()
 .text._ZN7SEV_SEG9IncrementEv
                0x00000000080016a4       0x56 ./Core/Src/sev_seg.o
                0x00000000080016a4                SEV_SEG::Increment()
 .text._ZNSt7__cxx119to_stringEi
                0x00000000080016fa       0x72 ./Core/Src/skocko.o
                0x00000000080016fa                std::__cxx11::to_string(int)
 .text._ZN6SkockoC2EP19__I2C_HandleTypeDef
                0x000000000800176c       0xa0 ./Core/Src/skocko.o
                0x000000000800176c                Skocko::Skocko(__I2C_HandleTypeDef*)
                0x000000000800176c                Skocko::Skocko(__I2C_HandleTypeDef*)
 .text._ZN6Skocko11GetInstanceEP19__I2C_HandleTypeDef
                0x000000000800180c       0x3c ./Core/Src/skocko.o
                0x000000000800180c                Skocko::GetInstance(__I2C_HandleTypeDef*)
 .text._ZN6Skocko4InitEP17TIM_HandleTypeDefS1_P20__UART_HandleTypeDef
                0x0000000008001848       0x4a ./Core/Src/skocko.o
                0x0000000008001848                Skocko::Init(TIM_HandleTypeDef*, TIM_HandleTypeDef*, __UART_HandleTypeDef*)
 *fill*         0x0000000008001892        0x2 
 .text._ZN6Skocko10PrintIntroEv
                0x0000000008001894      0x1ec ./Core/Src/skocko.o
                0x0000000008001894                Skocko::PrintIntro()
 .text._ZN6Skocko9SetupUserEv
                0x0000000008001a80      0x114 ./Core/Src/skocko.o
                0x0000000008001a80                Skocko::SetupUser()
 .text._ZN6Skocko15SetupBrightnessEv
                0x0000000008001b94       0x9c ./Core/Src/skocko.o
                0x0000000008001b94                Skocko::SetupBrightness()
 .text._ZN6Skocko13PrintGameInfoEv
                0x0000000008001c30      0x2b0 ./Core/Src/skocko.o
                0x0000000008001c30                Skocko::PrintGameInfo()
 .text._ZN6Skocko13SetBrightnessERKm
                0x0000000008001ee0       0x2a ./Core/Src/skocko.o
                0x0000000008001ee0                Skocko::SetBrightness(unsigned long const&)
 .text._ZN6Skocko17ConfirmBrightnessEv
                0x0000000008001f0a       0x26 ./Core/Src/skocko.o
                0x0000000008001f0a                Skocko::ConfirmBrightness()
 .text._ZN6Skocko11StartSkockoEv
                0x0000000008001f30      0x3a0 ./Core/Src/skocko.o
                0x0000000008001f30                Skocko::StartSkocko()
 .text._ZN6Skocko8GetStateEv
                0x00000000080022d0       0x18 ./Core/Src/skocko.o
                0x00000000080022d0                Skocko::GetState()
 .text._ZN6Skocko10WinCombGenEv
                0x00000000080022e8      0x170 ./Core/Src/skocko.o
                0x00000000080022e8                Skocko::WinCombGen()
 .text._ZN6Skocko7NewCombEv
                0x0000000008002458       0xac ./Core/Src/skocko.o
                0x0000000008002458                Skocko::NewComb()
 .text._ZN6Skocko17IncrementPositionEv
                0x0000000008002504       0x38 ./Core/Src/skocko.o
                0x0000000008002504                Skocko::IncrementPosition()
 .text._ZN6Skocko17DecrementPositionEv
                0x000000000800253c       0x38 ./Core/Src/skocko.o
                0x000000000800253c                Skocko::DecrementPosition()
 .text._ZN6Skocko12CountSymbolsEv
                0x0000000008002574      0x140 ./Core/Src/skocko.o
                0x0000000008002574                Skocko::CountSymbols()
 .text._ZN6Skocko15CalculateResultEv
                0x00000000080026b4      0x14c ./Core/Src/skocko.o
                0x00000000080026b4                Skocko::CalculateResult()
 .text._ZN6Skocko11PrintResultERKNS_6resultE
                0x0000000008002800      0x22c ./Core/Src/skocko.o
                0x0000000008002800                Skocko::PrintResult(Skocko::result const&)
 .text._ZN6Skocko11RefreshOLEDEv
                0x0000000008002a2c       0x42 ./Core/Src/skocko.o
                0x0000000008002a2c                Skocko::RefreshOLED()
 .text._ZN6Skocko11ConfirmCombEv
                0x0000000008002a6e       0xae ./Core/Src/skocko.o
                0x0000000008002a6e                Skocko::ConfirmComb()
 .text._ZN6Skocko9ResetGameEv
                0x0000000008002b1c       0x62 ./Core/Src/skocko.o
                0x0000000008002b1c                Skocko::ResetGame()
 .text._ZN6Skocko25ReceivePlayerNameFromUARTEv
                0x0000000008002b7e       0x4c ./Core/Src/skocko.o
                0x0000000008002b7e                Skocko::ReceivePlayerNameFromUART()
 .text._ZN6Skocko21PrintPlayerNameToUARTEv
                0x0000000008002bca       0x44 ./Core/Src/skocko.o
                0x0000000008002bca                Skocko::PrintPlayerNameToUART()
 .text._ZN6Skocko9PrintUARTERKNSt7__cxx1112basic_stringIcSt11char_traitsIcESaIcEEE
                0x0000000008002c0e       0x9a ./Core/Src/skocko.o
                0x0000000008002c0e                Skocko::PrintUART(std::__cxx11::basic_string<char, std::char_traits<char>, std::allocator<char> > const&)
 .text._ZN6Skocko9PrintUARTERKh
                0x0000000008002ca8       0x2e ./Core/Src/skocko.o
                0x0000000008002ca8                Skocko::PrintUART(unsigned char const&)
 .text._ZN6Skocko9SetSymbolERKhS1_
                0x0000000008002cd6       0x2a ./Core/Src/skocko.o
                0x0000000008002cd6                Skocko::SetSymbol(unsigned char const&, unsigned char const&)
 .text._ZN6Skocko18GetCurrentPositionEv
                0x0000000008002d00       0x1a ./Core/Src/skocko.o
                0x0000000008002d00                Skocko::GetCurrentPosition()
 .text._ZN6Skocko9GetSymbolERKh
                0x0000000008002d1a       0x24 ./Core/Src/skocko.o
                0x0000000008002d1a                Skocko::GetSymbol(unsigned char const&)
 .text._ZN6Skocko10InputCheckEv
                0x0000000008002d3e       0x78 ./Core/Src/skocko.o
                0x0000000008002d3e                Skocko::InputCheck()
 *fill*         0x0000000008002db6        0x2 
 .text._ZN6Skocko7EndGameERKNS_6resultE
                0x0000000008002db8      0xe14 ./Core/Src/skocko.o
                0x0000000008002db8                Skocko::EndGame(Skocko::result const&)
 .text._ZN6Skocko15PrintCombToUARTEPKh
                0x0000000008003bcc      0x1e4 ./Core/Src/skocko.o
                0x0000000008003bcc                Skocko::PrintCombToUART(unsigned char const*)
 .text._ZNSt8__detail14__to_chars_lenIjEEjT_i
                0x0000000008003db0       0x7e ./Core/Src/skocko.o
                0x0000000008003db0                unsigned int std::__detail::__to_chars_len<unsigned int>(unsigned int, int)
 *fill*         0x0000000008003e2e        0x2 
 .text._ZNSt8__detail18__to_chars_10_implIjEEvPcjT_
                0x0000000008003e30       0xac ./Core/Src/skocko.o
                0x0000000008003e30                void std::__detail::__to_chars_10_impl<unsigned int>(char*, unsigned int, unsigned int)
 .text._ZN7SSD1306C2Ev
                0x0000000008003edc       0x20 ./Core/Src/ssd1306.o
                0x0000000008003edc                SSD1306::SSD1306()
                0x0000000008003edc                SSD1306::SSD1306()
 .text._ZN7SSD130617FindDeviceAddressEv
                0x0000000008003efc       0x4e ./Core/Src/ssd1306.o
                0x0000000008003efc                SSD1306::FindDeviceAddress()
 .text._ZN7SSD13064InitEP19__I2C_HandleTypeDef
                0x0000000008003f4a      0x370 ./Core/Src/ssd1306.o
                0x0000000008003f4a                SSD1306::Init(__I2C_HandleTypeDef*)
 .text._ZN7SSD130611SetContrastEh
                0x00000000080042ba       0x50 ./Core/Src/ssd1306.o
                0x00000000080042ba                SSD1306::SetContrast(unsigned char)
 .text._ZN7SSD130612UpdateScreenEv
                0x000000000800430a       0x8e ./Core/Src/ssd1306.o
                0x000000000800430a                SSD1306::UpdateScreen()
 .text._ZN7SSD13064FillEh
                0x0000000008004398       0x5a ./Core/Src/ssd1306.o
                0x0000000008004398                SSD1306::Fill(unsigned char)
 .text._ZN7SSD13069DrawPixelEtth
                0x00000000080043f2       0xca ./Core/Src/ssd1306.o
                0x00000000080043f2                SSD1306::DrawPixel(unsigned short, unsigned short, unsigned char)
 .text._ZN7SSD13066GoToXYEtt
                0x00000000080044bc       0x28 ./Core/Src/ssd1306.o
                0x00000000080044bc                SSD1306::GoToXY(unsigned short, unsigned short)
 .text._ZN7SSD13067PutCharEcP6font_th
                0x00000000080044e4       0xfe ./Core/Src/ssd1306.o
                0x00000000080044e4                SSD1306::PutChar(char, font_t*, unsigned char)
 .text._ZN7SSD13069PutSymbolERKhP6font_th
                0x00000000080045e2       0xfc ./Core/Src/ssd1306.o
                0x00000000080045e2                SSD1306::PutSymbol(unsigned char const&, font_t*, unsigned char)
 .text._ZN7SSD13069PutStringENSt7__cxx1112basic_stringIcSt11char_traitsIcESaIcEEEP6font_th
                0x00000000080046de       0x6a ./Core/Src/ssd1306.o
                0x00000000080046de                SSD1306::PutString(std::__cxx11::basic_string<char, std::char_traits<char>, std::allocator<char> >, font_t*, unsigned char)
 .text._ZN7SSD13067PutCombEPKhP6font_th
                0x0000000008004748       0x5e ./Core/Src/ssd1306.o
                0x0000000008004748                SSD1306::PutComb(unsigned char const*, font_t*, unsigned char)
 .text._ZN7SSD13066TurnONEv
                0x00000000080047a6       0x28 ./Core/Src/ssd1306.o
                0x00000000080047a6                SSD1306::TurnON()
 .text._ZN7SSD13067TurnOFFEv
                0x00000000080047ce       0x28 ./Core/Src/ssd1306.o
                0x00000000080047ce                SSD1306::TurnOFF()
 .text._ZN7SSD130611SendCommandEh
                0x00000000080047f6       0x40 ./Core/Src/ssd1306.o
                0x00000000080047f6                SSD1306::SendCommand(unsigned char)
 .text._ZN7SSD13068SendDataEPht
                0x0000000008004836       0x32 ./Core/Src/ssd1306.o
                0x0000000008004836                SSD1306::SendData(unsigned char*, unsigned short)
 .text._ZN7SSD130611SendRowDataEPh
                0x0000000008004868       0x72 ./Core/Src/ssd1306.o
                0x0000000008004868                SSD1306::SendRowData(unsigned char*)
 *fill*         0x00000000080048da        0x2 
 .text.HAL_MspInit
                0x00000000080048dc       0x48 ./Core/Src/stm32l4xx_hal_msp.o
                0x00000000080048dc                HAL_MspInit
 .text.NMI_Handler
                0x0000000008004924        0x6 ./Core/Src/stm32l4xx_it.o
                0x0000000008004924                NMI_Handler
 .text.HardFault_Handler
                0x000000000800492a        0x6 ./Core/Src/stm32l4xx_it.o
                0x000000000800492a                HardFault_Handler
 .text.MemManage_Handler
                0x0000000008004930        0x6 ./Core/Src/stm32l4xx_it.o
                0x0000000008004930                MemManage_Handler
 .text.BusFault_Handler
                0x0000000008004936        0x6 ./Core/Src/stm32l4xx_it.o
                0x0000000008004936                BusFault_Handler
 .text.UsageFault_Handler
                0x000000000800493c        0x6 ./Core/Src/stm32l4xx_it.o
                0x000000000800493c                UsageFault_Handler
 .text.SVC_Handler
                0x0000000008004942        0xe ./Core/Src/stm32l4xx_it.o
                0x0000000008004942                SVC_Handler
 .text.DebugMon_Handler
                0x0000000008004950        0xe ./Core/Src/stm32l4xx_it.o
                0x0000000008004950                DebugMon_Handler
 .text.PendSV_Handler
                0x000000000800495e        0xe ./Core/Src/stm32l4xx_it.o
                0x000000000800495e                PendSV_Handler
 .text.SysTick_Handler
                0x000000000800496c        0xc ./Core/Src/stm32l4xx_it.o
                0x000000000800496c                SysTick_Handler
 .text.DMA1_Channel4_IRQHandler
                0x0000000008004978       0x14 ./Core/Src/stm32l4xx_it.o
                0x0000000008004978                DMA1_Channel4_IRQHandler
 .text.ADC1_2_IRQHandler
                0x000000000800498c       0x1c ./Core/Src/stm32l4xx_it.o
                0x000000000800498c                ADC1_2_IRQHandler
 .text.EXTI9_5_IRQHandler
                0x00000000080049a8       0x18 ./Core/Src/stm32l4xx_it.o
                0x00000000080049a8                EXTI9_5_IRQHandler
 .text.TIM2_IRQHandler
                0x00000000080049c0       0x14 ./Core/Src/stm32l4xx_it.o
                0x00000000080049c0                TIM2_IRQHandler
 .text.TIM3_IRQHandler
                0x00000000080049d4       0x14 ./Core/Src/stm32l4xx_it.o
                0x00000000080049d4                TIM3_IRQHandler
 .text.TIM4_IRQHandler
                0x00000000080049e8       0x14 ./Core/Src/stm32l4xx_it.o
                0x00000000080049e8                TIM4_IRQHandler
 .text.I2C2_EV_IRQHandler
                0x00000000080049fc       0x14 ./Core/Src/stm32l4xx_it.o
                0x00000000080049fc                I2C2_EV_IRQHandler
 .text.USART2_IRQHandler
                0x0000000008004a10       0x14 ./Core/Src/stm32l4xx_it.o
                0x0000000008004a10                USART2_IRQHandler
 .text.EXTI15_10_IRQHandler
                0x0000000008004a24       0x10 ./Core/Src/stm32l4xx_it.o
                0x0000000008004a24                EXTI15_10_IRQHandler
 .text.TIM5_IRQHandler
                0x0000000008004a34       0x14 ./Core/Src/stm32l4xx_it.o
                0x0000000008004a34                TIM5_IRQHandler
 .text._getpid  0x0000000008004a48       0x10 ./Core/Src/syscalls.o
                0x0000000008004a48                _getpid
 .text._kill    0x0000000008004a58       0x20 ./Core/Src/syscalls.o
                0x0000000008004a58                _kill
 .text._exit    0x0000000008004a78       0x14 ./Core/Src/syscalls.o
                0x0000000008004a78                _exit
 .text._sbrk    0x0000000008004a8c       0x6c ./Core/Src/sysmem.o
                0x0000000008004a8c                _sbrk
 .text.SystemInit
                0x0000000008004af8       0x24 ./Core/Src/system_stm32l4xx.o
                0x0000000008004af8                SystemInit
 .text.MX_TIM2_Init
                0x0000000008004b1c       0x9c ./Core/Src/tim.o
                0x0000000008004b1c                MX_TIM2_Init
 .text.MX_TIM3_Init
                0x0000000008004bb8       0xa0 ./Core/Src/tim.o
                0x0000000008004bb8                MX_TIM3_Init
 .text.MX_TIM4_Init
                0x0000000008004c58       0x9c ./Core/Src/tim.o
                0x0000000008004c58                MX_TIM4_Init
 .text.MX_TIM5_Init
                0x0000000008004cf4       0xa0 ./Core/Src/tim.o
                0x0000000008004cf4                MX_TIM5_Init
 .text.HAL_TIM_Base_MspInit
                0x0000000008004d94       0xf0 ./Core/Src/tim.o
                0x0000000008004d94                HAL_TIM_Base_MspInit
 .text.HAL_TIM_PeriodElapsedCallback
                0x0000000008004e84       0xf0 ./Core/Src/tim.o
                0x0000000008004e84                HAL_TIM_PeriodElapsedCallback
 .text.MX_USART2_UART_Init
                0x0000000008004f74       0x60 ./Core/Src/usart.o
                0x0000000008004f74                MX_USART2_UART_Init
 .text.HAL_UART_MspInit
                0x0000000008004fd4       0xc8 ./Core/Src/usart.o
                0x0000000008004fd4                HAL_UART_MspInit
 .text.HAL_UART_RxCpltCallback
                0x000000000800509c       0x14 ./Core/Src/usart.o
                0x000000000800509c                HAL_UART_RxCpltCallback
 .text.Reset_Handler
                0x00000000080050b0       0x50 ./Core/Startup/startup_stm32l476rgtx.o
                0x00000000080050b0                Reset_Handler
 .text.Default_Handler
                0x0000000008005100        0x2 ./Core/Startup/startup_stm32l476rgtx.o
                0x0000000008005100                RTC_Alarm_IRQHandler
                0x0000000008005100                EXTI2_IRQHandler
                0x0000000008005100                TIM8_TRG_COM_IRQHandler
                0x0000000008005100                TIM8_CC_IRQHandler
                0x0000000008005100                TIM1_CC_IRQHandler
                0x0000000008005100                TSC_IRQHandler
                0x0000000008005100                TAMP_STAMP_IRQHandler
                0x0000000008005100                EXTI3_IRQHandler
                0x0000000008005100                LPTIM2_IRQHandler
                0x0000000008005100                DFSDM1_FLT1_IRQHandler
                0x0000000008005100                I2C3_ER_IRQHandler
                0x0000000008005100                DFSDM1_FLT2_IRQHandler
                0x0000000008005100                EXTI0_IRQHandler
                0x0000000008005100                CAN1_RX0_IRQHandler
                0x0000000008005100                FPU_IRQHandler
                0x0000000008005100                TIM1_UP_TIM16_IRQHandler
                0x0000000008005100                SPI1_IRQHandler
                0x0000000008005100                TIM6_DAC_IRQHandler
                0x0000000008005100                TIM8_UP_IRQHandler
                0x0000000008005100                DMA2_Channel2_IRQHandler
                0x0000000008005100                SAI2_IRQHandler
                0x0000000008005100                DFSDM1_FLT3_IRQHandler
                0x0000000008005100                USART3_IRQHandler
                0x0000000008005100                DMA1_Channel7_IRQHandler
                0x0000000008005100                CAN1_RX1_IRQHandler
                0x0000000008005100                LCD_IRQHandler
                0x0000000008005100                UART5_IRQHandler
                0x0000000008005100                ADC3_IRQHandler
                0x0000000008005100                DMA2_Channel1_IRQHandler
                0x0000000008005100                QUADSPI_IRQHandler
                0x0000000008005100                I2C1_EV_IRQHandler
                0x0000000008005100                DMA1_Channel6_IRQHandler
                0x0000000008005100                UART4_IRQHandler
                0x0000000008005100                DMA2_Channel4_IRQHandler
                0x0000000008005100                RCC_IRQHandler
                0x0000000008005100                DMA1_Channel1_IRQHandler
                0x0000000008005100                Default_Handler
                0x0000000008005100                DMA2_Channel7_IRQHandler
                0x0000000008005100                TIM7_IRQHandler
                0x0000000008005100                SDMMC1_IRQHandler
                0x0000000008005100                I2C3_EV_IRQHandler
                0x0000000008005100                RTC_WKUP_IRQHandler
                0x0000000008005100                PVD_PVM_IRQHandler
                0x0000000008005100                SPI2_IRQHandler
                0x0000000008005100                CAN1_TX_IRQHandler
                0x0000000008005100                DMA2_Channel5_IRQHandler
                0x0000000008005100                DMA1_Channel5_IRQHandler
                0x0000000008005100                EXTI4_IRQHandler
                0x0000000008005100                RNG_IRQHandler
                0x0000000008005100                TIM1_TRG_COM_TIM17_IRQHandler
                0x0000000008005100                DMA1_Channel3_IRQHandler
                0x0000000008005100                COMP_IRQHandler
                0x0000000008005100                WWDG_IRQHandler
                0x0000000008005100                LPUART1_IRQHandler
                0x0000000008005100                DMA2_Channel6_IRQHandler
                0x0000000008005100                EXTI1_IRQHandler
                0x0000000008005100                DFSDM1_FLT0_IRQHandler
                0x0000000008005100                I2C2_ER_IRQHandler
                0x0000000008005100                DMA1_Channel2_IRQHandler
                0x0000000008005100                TIM8_BRK_IRQHandler
                0x0000000008005100                CAN1_SCE_IRQHandler
                0x0000000008005100                FLASH_IRQHandler
                0x0000000008005100                USART1_IRQHandler
                0x0000000008005100                OTG_FS_IRQHandler
                0x0000000008005100                SPI3_IRQHandler
                0x0000000008005100                I2C1_ER_IRQHandler
                0x0000000008005100                FMC_IRQHandler
                0x0000000008005100                SWPMI1_IRQHandler
                0x0000000008005100                LPTIM1_IRQHandler
                0x0000000008005100                SAI1_IRQHandler
                0x0000000008005100                DMA2_Channel3_IRQHandler
                0x0000000008005100                TIM1_BRK_TIM15_IRQHandler
 *fill*         0x0000000008005102        0x2 
 .text.HAL_Init
                0x0000000008005104       0x40 ./Drivers/STM32L4xx_HAL_Driver/Src/stm32l4xx_hal.o
                0x0000000008005104                HAL_Init
 .text.HAL_InitTick
                0x0000000008005144       0x78 ./Drivers/STM32L4xx_HAL_Driver/Src/stm32l4xx_hal.o
                0x0000000008005144                HAL_InitTick
 .text.HAL_IncTick
                0x00000000080051bc       0x28 ./Drivers/STM32L4xx_HAL_Driver/Src/stm32l4xx_hal.o
                0x00000000080051bc                HAL_IncTick
 .text.HAL_GetTick
                0x00000000080051e4       0x18 ./Drivers/STM32L4xx_HAL_Driver/Src/stm32l4xx_hal.o
                0x00000000080051e4                HAL_GetTick
 .text.LL_ADC_SetCommonClock
                0x00000000080051fc       0x26 ./Drivers/STM32L4xx_HAL_Driver/Src/stm32l4xx_hal_adc.o
 .text.LL_ADC_SetCommonPathInternalCh
                0x0000000008005222       0x26 ./Drivers/STM32L4xx_HAL_Driver/Src/stm32l4xx_hal_adc.o
 .text.LL_ADC_GetCommonPathInternalCh
                0x0000000008005248       0x1c ./Drivers/STM32L4xx_HAL_Driver/Src/stm32l4xx_hal_adc.o
 .text.LL_ADC_SetOffset
                0x0000000008005264       0x48 ./Drivers/STM32L4xx_HAL_Driver/Src/stm32l4xx_hal_adc.o
 .text.LL_ADC_GetOffsetChannel
                0x00000000080052ac       0x2c ./Drivers/STM32L4xx_HAL_Driver/Src/stm32l4xx_hal_adc.o
 .text.LL_ADC_SetOffsetState
                0x00000000080052d8       0x36 ./Drivers/STM32L4xx_HAL_Driver/Src/stm32l4xx_hal_adc.o
 .text.LL_ADC_REG_IsTriggerSourceSWStart
                0x000000000800530e       0x26 ./Drivers/STM32L4xx_HAL_Driver/Src/stm32l4xx_hal_adc.o
 .text.LL_ADC_REG_SetSequencerRanks
                0x0000000008005334       0x58 ./Drivers/STM32L4xx_HAL_Driver/Src/stm32l4xx_hal_adc.o
 .text.LL_ADC_INJ_IsTriggerSourceSWStart
                0x000000000800538c       0x26 ./Drivers/STM32L4xx_HAL_Driver/Src/stm32l4xx_hal_adc.o
 .text.LL_ADC_SetChannelSamplingTime
                0x00000000080053b2       0x56 ./Drivers/STM32L4xx_HAL_Driver/Src/stm32l4xx_hal_adc.o
 .text.LL_ADC_SetChannelSingleDiff
                0x0000000008005408       0x48 ./Drivers/STM32L4xx_HAL_Driver/Src/stm32l4xx_hal_adc.o
 .text.LL_ADC_GetMultimode
                0x0000000008005450       0x1c ./Drivers/STM32L4xx_HAL_Driver/Src/stm32l4xx_hal_adc.o
 .text.LL_ADC_GetMultiDMATransfer
                0x000000000800546c       0x1c ./Drivers/STM32L4xx_HAL_Driver/Src/stm32l4xx_hal_adc.o
 .text.LL_ADC_DisableDeepPowerDown
                0x0000000008005488       0x24 ./Drivers/STM32L4xx_HAL_Driver/Src/stm32l4xx_hal_adc.o
 .text.LL_ADC_IsDeepPowerDownEnabled
                0x00000000080054ac       0x28 ./Drivers/STM32L4xx_HAL_Driver/Src/stm32l4xx_hal_adc.o
 .text.LL_ADC_EnableInternalRegulator
                0x00000000080054d4       0x28 ./Drivers/STM32L4xx_HAL_Driver/Src/stm32l4xx_hal_adc.o
 .text.LL_ADC_IsInternalRegulatorEnabled
                0x00000000080054fc       0x28 ./Drivers/STM32L4xx_HAL_Driver/Src/stm32l4xx_hal_adc.o
 .text.LL_ADC_Enable
                0x0000000008005524       0x28 ./Drivers/STM32L4xx_HAL_Driver/Src/stm32l4xx_hal_adc.o
 .text.LL_ADC_IsEnabled
                0x000000000800554c       0x26 ./Drivers/STM32L4xx_HAL_Driver/Src/stm32l4xx_hal_adc.o
 .text.LL_ADC_REG_StartConversion
                0x0000000008005572       0x28 ./Drivers/STM32L4xx_HAL_Driver/Src/stm32l4xx_hal_adc.o
 .text.LL_ADC_REG_IsConversionOngoing
                0x000000000800559a       0x26 ./Drivers/STM32L4xx_HAL_Driver/Src/stm32l4xx_hal_adc.o
 .text.LL_ADC_INJ_IsConversionOngoing
                0x00000000080055c0       0x26 ./Drivers/STM32L4xx_HAL_Driver/Src/stm32l4xx_hal_adc.o
 *fill*         0x00000000080055e6        0x2 
 .text.HAL_ADC_Init
                0x00000000080055e8      0x2ac ./Drivers/STM32L4xx_HAL_Driver/Src/stm32l4xx_hal_adc.o
                0x00000000080055e8                HAL_ADC_Init
 .text.HAL_ADC_Start_IT
                0x0000000008005894      0x264 ./Drivers/STM32L4xx_HAL_Driver/Src/stm32l4xx_hal_adc.o
                0x0000000008005894                HAL_ADC_Start_IT
 .text.HAL_ADC_GetValue
                0x0000000008005af8       0x1a ./Drivers/STM32L4xx_HAL_Driver/Src/stm32l4xx_hal_adc.o
                0x0000000008005af8                HAL_ADC_GetValue
 *fill*         0x0000000008005b12        0x2 
 .text.HAL_ADC_IRQHandler
                0x0000000008005b14      0x434 ./Drivers/STM32L4xx_HAL_Driver/Src/stm32l4xx_hal_adc.o
                0x0000000008005b14                HAL_ADC_IRQHandler
 .text.HAL_ADC_LevelOutOfWindowCallback
                0x0000000008005f48       0x14 ./Drivers/STM32L4xx_HAL_Driver/Src/stm32l4xx_hal_adc.o
                0x0000000008005f48                HAL_ADC_LevelOutOfWindowCallback
 .text.HAL_ADC_ErrorCallback
                0x0000000008005f5c       0x14 ./Drivers/STM32L4xx_HAL_Driver/Src/stm32l4xx_hal_adc.o
                0x0000000008005f5c                HAL_ADC_ErrorCallback
 .text.HAL_ADC_ConfigChannel
                0x0000000008005f70      0x7e0 ./Drivers/STM32L4xx_HAL_Driver/Src/stm32l4xx_hal_adc.o
                0x0000000008005f70                HAL_ADC_ConfigChannel
 .text.ADC_Enable
                0x0000000008006750      0x10c ./Drivers/STM32L4xx_HAL_Driver/Src/stm32l4xx_hal_adc.o
                0x0000000008006750                ADC_Enable
 .text.LL_ADC_IsEnabled
                0x000000000800685c       0x26 ./Drivers/STM32L4xx_HAL_Driver/Src/stm32l4xx_hal_adc_ex.o
 .text.LL_ADC_REG_IsConversionOngoing
                0x0000000008006882       0x26 ./Drivers/STM32L4xx_HAL_Driver/Src/stm32l4xx_hal_adc_ex.o
 .text.HAL_ADCEx_InjectedConvCpltCallback
                0x00000000080068a8       0x14 ./Drivers/STM32L4xx_HAL_Driver/Src/stm32l4xx_hal_adc_ex.o
                0x00000000080068a8                HAL_ADCEx_InjectedConvCpltCallback
 .text.HAL_ADCEx_InjectedQueueOverflowCallback
                0x00000000080068bc       0x14 ./Drivers/STM32L4xx_HAL_Driver/Src/stm32l4xx_hal_adc_ex.o
                0x00000000080068bc                HAL_ADCEx_InjectedQueueOverflowCallback
 .text.HAL_ADCEx_LevelOutOfWindow2Callback
                0x00000000080068d0       0x14 ./Drivers/STM32L4xx_HAL_Driver/Src/stm32l4xx_hal_adc_ex.o
                0x00000000080068d0                HAL_ADCEx_LevelOutOfWindow2Callback
 .text.HAL_ADCEx_LevelOutOfWindow3Callback
                0x00000000080068e4       0x14 ./Drivers/STM32L4xx_HAL_Driver/Src/stm32l4xx_hal_adc_ex.o
                0x00000000080068e4                HAL_ADCEx_LevelOutOfWindow3Callback
 .text.HAL_ADCEx_EndOfSamplingCallback
                0x00000000080068f8       0x14 ./Drivers/STM32L4xx_HAL_Driver/Src/stm32l4xx_hal_adc_ex.o
                0x00000000080068f8                HAL_ADCEx_EndOfSamplingCallback
 .text.HAL_ADCEx_MultiModeConfigChannel
                0x000000000800690c      0x160 ./Drivers/STM32L4xx_HAL_Driver/Src/stm32l4xx_hal_adc_ex.o
                0x000000000800690c                HAL_ADCEx_MultiModeConfigChannel
 .text.__NVIC_SetPriorityGrouping
                0x0000000008006a6c       0x48 ./Drivers/STM32L4xx_HAL_Driver/Src/stm32l4xx_hal_cortex.o
 .text.__NVIC_GetPriorityGrouping
                0x0000000008006ab4       0x1c ./Drivers/STM32L4xx_HAL_Driver/Src/stm32l4xx_hal_cortex.o
 .text.__NVIC_EnableIRQ
                0x0000000008006ad0       0x3c ./Drivers/STM32L4xx_HAL_Driver/Src/stm32l4xx_hal_cortex.o
 .text.__NVIC_SetPriority
                0x0000000008006b0c       0x54 ./Drivers/STM32L4xx_HAL_Driver/Src/stm32l4xx_hal_cortex.o
 .text.NVIC_EncodePriority
                0x0000000008006b60       0x66 ./Drivers/STM32L4xx_HAL_Driver/Src/stm32l4xx_hal_cortex.o
 *fill*         0x0000000008006bc6        0x2 
 .text.SysTick_Config
                0x0000000008006bc8       0x44 ./Drivers/STM32L4xx_HAL_Driver/Src/stm32l4xx_hal_cortex.o
 .text.HAL_NVIC_SetPriorityGrouping
                0x0000000008006c0c       0x16 ./Drivers/STM32L4xx_HAL_Driver/Src/stm32l4xx_hal_cortex.o
                0x0000000008006c0c                HAL_NVIC_SetPriorityGrouping
 .text.HAL_NVIC_SetPriority
                0x0000000008006c22       0x38 ./Drivers/STM32L4xx_HAL_Driver/Src/stm32l4xx_hal_cortex.o
                0x0000000008006c22                HAL_NVIC_SetPriority
 .text.HAL_NVIC_EnableIRQ
                0x0000000008006c5a       0x1c ./Drivers/STM32L4xx_HAL_Driver/Src/stm32l4xx_hal_cortex.o
                0x0000000008006c5a                HAL_NVIC_EnableIRQ
 .text.HAL_SYSTICK_Config
                0x0000000008006c76       0x18 ./Drivers/STM32L4xx_HAL_Driver/Src/stm32l4xx_hal_cortex.o
                0x0000000008006c76                HAL_SYSTICK_Config
 *fill*         0x0000000008006c8e        0x2 
 .text.HAL_DMA_Init
                0x0000000008006c90      0x170 ./Drivers/STM32L4xx_HAL_Driver/Src/stm32l4xx_hal_dma.o
                0x0000000008006c90                HAL_DMA_Init
 .text.HAL_DMA_Abort
                0x0000000008006e00       0x7c ./Drivers/STM32L4xx_HAL_Driver/Src/stm32l4xx_hal_dma.o
                0x0000000008006e00                HAL_DMA_Abort
 .text.HAL_DMA_Abort_IT
                0x0000000008006e7c       0x82 ./Drivers/STM32L4xx_HAL_Driver/Src/stm32l4xx_hal_dma.o
                0x0000000008006e7c                HAL_DMA_Abort_IT
 .text.HAL_DMA_IRQHandler
                0x0000000008006efe      0x15e ./Drivers/STM32L4xx_HAL_Driver/Src/stm32l4xx_hal_dma.o
                0x0000000008006efe                HAL_DMA_IRQHandler
 .text.HAL_GPIO_Init
                0x000000000800705c      0x354 ./Drivers/STM32L4xx_HAL_Driver/Src/stm32l4xx_hal_gpio.o
                0x000000000800705c                HAL_GPIO_Init
 .text.HAL_GPIO_ReadPin
                0x00000000080073b0       0x30 ./Drivers/STM32L4xx_HAL_Driver/Src/stm32l4xx_hal_gpio.o
                0x00000000080073b0                HAL_GPIO_ReadPin
 .text.HAL_GPIO_WritePin
                0x00000000080073e0       0x30 ./Drivers/STM32L4xx_HAL_Driver/Src/stm32l4xx_hal_gpio.o
                0x00000000080073e0                HAL_GPIO_WritePin
 .text.HAL_GPIO_EXTI_IRQHandler
                0x0000000008007410       0x30 ./Drivers/STM32L4xx_HAL_Driver/Src/stm32l4xx_hal_gpio.o
                0x0000000008007410                HAL_GPIO_EXTI_IRQHandler
 .text.HAL_I2C_Init
                0x0000000008007440      0x11e ./Drivers/STM32L4xx_HAL_Driver/Src/stm32l4xx_hal_i2c.o
                0x0000000008007440                HAL_I2C_Init
 *fill*         0x000000000800755e        0x2 
 .text.HAL_I2C_Master_Transmit
                0x0000000008007560      0x1e8 ./Drivers/STM32L4xx_HAL_Driver/Src/stm32l4xx_hal_i2c.o
                0x0000000008007560                HAL_I2C_Master_Transmit
 .text.HAL_I2C_IsDeviceReady
                0x0000000008007748      0x20e ./Drivers/STM32L4xx_HAL_Driver/Src/stm32l4xx_hal_i2c.o
                0x0000000008007748                HAL_I2C_IsDeviceReady
 .text.HAL_I2C_EV_IRQHandler
                0x0000000008007956       0x34 ./Drivers/STM32L4xx_HAL_Driver/Src/stm32l4xx_hal_i2c.o
                0x0000000008007956                HAL_I2C_EV_IRQHandler
 .text.I2C_Flush_TXDR
                0x000000000800798a       0x48 ./Drivers/STM32L4xx_HAL_Driver/Src/stm32l4xx_hal_i2c.o
 .text.I2C_WaitOnFlagUntilTimeout
                0x00000000080079d2       0x80 ./Drivers/STM32L4xx_HAL_Driver/Src/stm32l4xx_hal_i2c.o
 .text.I2C_WaitOnTXISFlagUntilTimeout
                0x0000000008007a52       0x80 ./Drivers/STM32L4xx_HAL_Driver/Src/stm32l4xx_hal_i2c.o
 .text.I2C_WaitOnSTOPFlagUntilTimeout
                0x0000000008007ad2       0x78 ./Drivers/STM32L4xx_HAL_Driver/Src/stm32l4xx_hal_i2c.o
 *fill*         0x0000000008007b4a        0x2 
 .text.I2C_IsErrorOccurred
                0x0000000008007b4c      0x1d8 ./Drivers/STM32L4xx_HAL_Driver/Src/stm32l4xx_hal_i2c.o
 .text.I2C_TransferConfig
                0x0000000008007d24       0x64 ./Drivers/STM32L4xx_HAL_Driver/Src/stm32l4xx_hal_i2c.o
 .text.HAL_I2CEx_ConfigAnalogFilter
                0x0000000008007d88       0x96 ./Drivers/STM32L4xx_HAL_Driver/Src/stm32l4xx_hal_i2c_ex.o
                0x0000000008007d88                HAL_I2CEx_ConfigAnalogFilter
 .text.HAL_I2CEx_ConfigDigitalFilter
                0x0000000008007e1e       0x98 ./Drivers/STM32L4xx_HAL_Driver/Src/stm32l4xx_hal_i2c_ex.o
                0x0000000008007e1e                HAL_I2CEx_ConfigDigitalFilter
 *fill*         0x0000000008007eb6        0x2 
 .text.HAL_PWREx_GetVoltageRange
                0x0000000008007eb8       0x1c ./Drivers/STM32L4xx_HAL_Driver/Src/stm32l4xx_hal_pwr_ex.o
                0x0000000008007eb8                HAL_PWREx_GetVoltageRange
 .text.HAL_PWREx_ControlVoltageScaling
                0x0000000008007ed4       0xac ./Drivers/STM32L4xx_HAL_Driver/Src/stm32l4xx_hal_pwr_ex.o
                0x0000000008007ed4                HAL_PWREx_ControlVoltageScaling
 .text.HAL_RCC_OscConfig
                0x0000000008007f80      0x7b8 ./Drivers/STM32L4xx_HAL_Driver/Src/stm32l4xx_hal_rcc.o
                0x0000000008007f80                HAL_RCC_OscConfig
 .text.HAL_RCC_ClockConfig
                0x0000000008008738      0x200 ./Drivers/STM32L4xx_HAL_Driver/Src/stm32l4xx_hal_rcc.o
                0x0000000008008738                HAL_RCC_ClockConfig
 .text.HAL_RCC_GetSysClockFreq
                0x0000000008008938      0x118 ./Drivers/STM32L4xx_HAL_Driver/Src/stm32l4xx_hal_rcc.o
                0x0000000008008938                HAL_RCC_GetSysClockFreq
 .text.HAL_RCC_GetHCLKFreq
                0x0000000008008a50       0x18 ./Drivers/STM32L4xx_HAL_Driver/Src/stm32l4xx_hal_rcc.o
                0x0000000008008a50                HAL_RCC_GetHCLKFreq
 .text.HAL_RCC_GetPCLK1Freq
                0x0000000008008a68       0x2c ./Drivers/STM32L4xx_HAL_Driver/Src/stm32l4xx_hal_rcc.o
                0x0000000008008a68                HAL_RCC_GetPCLK1Freq
 .text.HAL_RCC_GetPCLK2Freq
                0x0000000008008a94       0x2c ./Drivers/STM32L4xx_HAL_Driver/Src/stm32l4xx_hal_rcc.o
                0x0000000008008a94                HAL_RCC_GetPCLK2Freq
 .text.RCC_SetFlashLatencyFromMSIRange
                0x0000000008008ac0       0xc0 ./Drivers/STM32L4xx_HAL_Driver/Src/stm32l4xx_hal_rcc.o
 .text.HAL_RCCEx_PeriphCLKConfig
                0x0000000008008b80      0x5d4 ./Drivers/STM32L4xx_HAL_Driver/Src/stm32l4xx_hal_rcc_ex.o
                0x0000000008008b80                HAL_RCCEx_PeriphCLKConfig
 .text.RCCEx_PLLSAI1_Config
                0x0000000008009154      0x1e8 ./Drivers/STM32L4xx_HAL_Driver/Src/stm32l4xx_hal_rcc_ex.o
 .text.RCCEx_PLLSAI2_Config
                0x000000000800933c      0x1bc ./Drivers/STM32L4xx_HAL_Driver/Src/stm32l4xx_hal_rcc_ex.o
 .text.HAL_TIM_Base_Init
                0x00000000080094f8       0xae ./Drivers/STM32L4xx_HAL_Driver/Src/stm32l4xx_hal_tim.o
                0x00000000080094f8                HAL_TIM_Base_Init
 *fill*         0x00000000080095a6        0x2 
 .text.HAL_TIM_Base_Start
                0x00000000080095a8       0xd0 ./Drivers/STM32L4xx_HAL_Driver/Src/stm32l4xx_hal_tim.o
                0x00000000080095a8                HAL_TIM_Base_Start
 .text.HAL_TIM_Base_Stop
                0x0000000008009678       0x4e ./Drivers/STM32L4xx_HAL_Driver/Src/stm32l4xx_hal_tim.o
                0x0000000008009678                HAL_TIM_Base_Stop
 *fill*         0x00000000080096c6        0x2 
 .text.HAL_TIM_Base_Start_IT
                0x00000000080096c8       0xe0 ./Drivers/STM32L4xx_HAL_Driver/Src/stm32l4xx_hal_tim.o
                0x00000000080096c8                HAL_TIM_Base_Start_IT
 .text.HAL_TIM_Base_Stop_IT
                0x00000000080097a8       0x5e ./Drivers/STM32L4xx_HAL_Driver/Src/stm32l4xx_hal_tim.o
                0x00000000080097a8                HAL_TIM_Base_Stop_IT
 .text.HAL_TIM_IRQHandler
                0x0000000008009806      0x23e ./Drivers/STM32L4xx_HAL_Driver/Src/stm32l4xx_hal_tim.o
                0x0000000008009806                HAL_TIM_IRQHandler
 .text.HAL_TIM_ConfigClockSource
                0x0000000008009a44      0x192 ./Drivers/STM32L4xx_HAL_Driver/Src/stm32l4xx_hal_tim.o
                0x0000000008009a44                HAL_TIM_ConfigClockSource
 .text.HAL_TIM_OC_DelayElapsedCallback
                0x0000000008009bd6       0x14 ./Drivers/STM32L4xx_HAL_Driver/Src/stm32l4xx_hal_tim.o
                0x0000000008009bd6                HAL_TIM_OC_DelayElapsedCallback
 .text.HAL_TIM_IC_CaptureCallback
                0x0000000008009bea       0x14 ./Drivers/STM32L4xx_HAL_Driver/Src/stm32l4xx_hal_tim.o
                0x0000000008009bea                HAL_TIM_IC_CaptureCallback
 .text.HAL_TIM_PWM_PulseFinishedCallback
                0x0000000008009bfe       0x14 ./Drivers/STM32L4xx_HAL_Driver/Src/stm32l4xx_hal_tim.o
                0x0000000008009bfe                HAL_TIM_PWM_PulseFinishedCallback
 .text.HAL_TIM_TriggerCallback
                0x0000000008009c12       0x14 ./Drivers/STM32L4xx_HAL_Driver/Src/stm32l4xx_hal_tim.o
                0x0000000008009c12                HAL_TIM_TriggerCallback
 *fill*         0x0000000008009c26        0x2 
 .text.TIM_Base_SetConfig
                0x0000000008009c28      0x134 ./Drivers/STM32L4xx_HAL_Driver/Src/stm32l4xx_hal_tim.o
                0x0000000008009c28                TIM_Base_SetConfig
 .text.TIM_TI1_ConfigInputStage
                0x0000000008009d5c       0x5e ./Drivers/STM32L4xx_HAL_Driver/Src/stm32l4xx_hal_tim.o
 .text.TIM_TI2_ConfigInputStage
                0x0000000008009dba       0x60 ./Drivers/STM32L4xx_HAL_Driver/Src/stm32l4xx_hal_tim.o
 .text.TIM_ITRx_SetConfig
                0x0000000008009e1a       0x36 ./Drivers/STM32L4xx_HAL_Driver/Src/stm32l4xx_hal_tim.o
 .text.TIM_ETR_SetConfig
                0x0000000008009e50       0x40 ./Drivers/STM32L4xx_HAL_Driver/Src/stm32l4xx_hal_tim.o
                0x0000000008009e50                TIM_ETR_SetConfig
 .text.HAL_TIMEx_MasterConfigSynchronization
                0x0000000008009e90      0x110 ./Drivers/STM32L4xx_HAL_Driver/Src/stm32l4xx_hal_tim_ex.o
                0x0000000008009e90                HAL_TIMEx_MasterConfigSynchronization
 .text.HAL_TIMEx_CommutCallback
                0x0000000008009fa0       0x14 ./Drivers/STM32L4xx_HAL_Driver/Src/stm32l4xx_hal_tim_ex.o
                0x0000000008009fa0                HAL_TIMEx_CommutCallback
 .text.HAL_TIMEx_BreakCallback
                0x0000000008009fb4       0x14 ./Drivers/STM32L4xx_HAL_Driver/Src/stm32l4xx_hal_tim_ex.o
                0x0000000008009fb4                HAL_TIMEx_BreakCallback
 .text.HAL_TIMEx_Break2Callback
                0x0000000008009fc8       0x14 ./Drivers/STM32L4xx_HAL_Driver/Src/stm32l4xx_hal_tim_ex.o
                0x0000000008009fc8                HAL_TIMEx_Break2Callback
 .text.HAL_UART_Init
                0x0000000008009fdc       0x9c ./Drivers/STM32L4xx_HAL_Driver/Src/stm32l4xx_hal_uart.o
                0x0000000008009fdc                HAL_UART_Init
 .text.HAL_UART_Transmit
                0x000000000800a078      0x128 ./Drivers/STM32L4xx_HAL_Driver/Src/stm32l4xx_hal_uart.o
                0x000000000800a078                HAL_UART_Transmit
 .text.HAL_UART_Receive_IT
                0x000000000800a1a0       0xac ./Drivers/STM32L4xx_HAL_Driver/Src/stm32l4xx_hal_uart.o
                0x000000000800a1a0                HAL_UART_Receive_IT
 .text.HAL_UART_IRQHandler
                0x000000000800a24c      0x5c4 ./Drivers/STM32L4xx_HAL_Driver/Src/stm32l4xx_hal_uart.o
                0x000000000800a24c                HAL_UART_IRQHandler
 .text.HAL_UART_TxCpltCallback
                0x000000000800a810       0x14 ./Drivers/STM32L4xx_HAL_Driver/Src/stm32l4xx_hal_uart.o
                0x000000000800a810                HAL_UART_TxCpltCallback
 .text.HAL_UART_ErrorCallback
                0x000000000800a824       0x14 ./Drivers/STM32L4xx_HAL_Driver/Src/stm32l4xx_hal_uart.o
                0x000000000800a824                HAL_UART_ErrorCallback
 .text.HAL_UARTEx_RxEventCallback
                0x000000000800a838       0x18 ./Drivers/STM32L4xx_HAL_Driver/Src/stm32l4xx_hal_uart.o
                0x000000000800a838                HAL_UARTEx_RxEventCallback
 .text.UART_SetConfig
                0x000000000800a850      0x570 ./Drivers/STM32L4xx_HAL_Driver/Src/stm32l4xx_hal_uart.o
                0x000000000800a850                UART_SetConfig
 .text.UART_AdvFeatureConfig
                0x000000000800adc0      0x144 ./Drivers/STM32L4xx_HAL_Driver/Src/stm32l4xx_hal_uart.o
                0x000000000800adc0                UART_AdvFeatureConfig
 .text.UART_CheckIdleState
                0x000000000800af04       0x92 ./Drivers/STM32L4xx_HAL_Driver/Src/stm32l4xx_hal_uart.o
                0x000000000800af04                UART_CheckIdleState
 .text.UART_WaitOnFlagUntilTimeout
                0x000000000800af96      0x188 ./Drivers/STM32L4xx_HAL_Driver/Src/stm32l4xx_hal_uart.o
                0x000000000800af96                UART_WaitOnFlagUntilTimeout
 *fill*         0x000000000800b11e        0x2 
 .text.UART_Start_Receive_IT
                0x000000000800b120      0x194 ./Drivers/STM32L4xx_HAL_Driver/Src/stm32l4xx_hal_uart.o
                0x000000000800b120                UART_Start_Receive_IT
 .text.UART_EndRxTransfer
                0x000000000800b2b4       0xc6 ./Drivers/STM32L4xx_HAL_Driver/Src/stm32l4xx_hal_uart.o
 .text.UART_DMAAbortOnError
                0x000000000800b37a       0x2c ./Drivers/STM32L4xx_HAL_Driver/Src/stm32l4xx_hal_uart.o
 .text.UART_EndTransmit_IT
                0x000000000800b3a6       0x54 ./Drivers/STM32L4xx_HAL_Driver/Src/stm32l4xx_hal_uart.o
 .text.UART_RxISR_8BIT
                0x000000000800b3fa      0x160 ./Drivers/STM32L4xx_HAL_Driver/Src/stm32l4xx_hal_uart.o
 .text.UART_RxISR_16BIT
                0x000000000800b55a      0x160 ./Drivers/STM32L4xx_HAL_Driver/Src/stm32l4xx_hal_uart.o
 .text.HAL_UARTEx_WakeupCallback
                0x000000000800b6ba       0x14 ./Drivers/STM32L4xx_HAL_Driver/Src/stm32l4xx_hal_uart_ex.o
                0x000000000800b6ba                HAL_UARTEx_WakeupCallback
 .text._Znwj    0x000000000800b6ce       0x22 c:/st/stm32cubeide_1.11.0/stm32cubeide/plugins/com.st.stm32cube.ide.mcu.externaltools.gnu-tools-for-stm32.10.3-2021.10.win32_1.0.100.202210260954/tools/bin/../lib/gcc/arm-none-eabi/10.3.1/../../../../arm-none-eabi/lib/thumb/v7e-m+fp/hard\libstdc++_nano.a(new_op.o)
                0x000000000800b6ce                operator new(unsigned int)
 .text.__cxa_pure_virtual
                0x000000000800b6f0        0x6 c:/st/stm32cubeide_1.11.0/stm32cubeide/plugins/com.st.stm32cube.ide.mcu.externaltools.gnu-tools-for-stm32.10.3-2021.10.win32_1.0.100.202210260954/tools/bin/../lib/gcc/arm-none-eabi/10.3.1/../../../../arm-none-eabi/lib/thumb/v7e-m+fp/hard\libstdc++_nano.a(pure.o)
                0x000000000800b6f0                __cxa_pure_virtual
 .text._ZNSaIcEC2Ev
                0x000000000800b6f6        0x2 c:/st/stm32cubeide_1.11.0/stm32cubeide/plugins/com.st.stm32cube.ide.mcu.externaltools.gnu-tools-for-stm32.10.3-2021.10.win32_1.0.100.202210260954/tools/bin/../lib/gcc/arm-none-eabi/10.3.1/../../../../arm-none-eabi/lib/thumb/v7e-m+fp/hard\libstdc++_nano.a(allocator-inst.o)
                0x000000000800b6f6                std::allocator<char>::allocator()
                0x000000000800b6f6                std::allocator<char>::allocator()
 .text._ZNSaIcED2Ev
                0x000000000800b6f8        0x2 c:/st/stm32cubeide_1.11.0/stm32cubeide/plugins/com.st.stm32cube.ide.mcu.externaltools.gnu-tools-for-stm32.10.3-2021.10.win32_1.0.100.202210260954/tools/bin/../lib/gcc/arm-none-eabi/10.3.1/../../../../arm-none-eabi/lib/thumb/v7e-m+fp/hard\libstdc++_nano.a(allocator-inst.o)
                0x000000000800b6f8                std::allocator<char>::~allocator()
                0x000000000800b6f8                std::allocator<char>::~allocator()
 .text._ZNSt11char_traitsIcE4copyEPcPKcj.isra.0
                0x000000000800b6fa        0x8 c:/st/stm32cubeide_1.11.0/stm32cubeide/plugins/com.st.stm32cube.ide.mcu.externaltools.gnu-tools-for-stm32.10.3-2021.10.win32_1.0.100.202210260954/tools/bin/../lib/gcc/arm-none-eabi/10.3.1/../../../../arm-none-eabi/lib/thumb/v7e-m+fp/hard\libstdc++_nano.a(string-inst.o)
 *fill*         0x000000000800b702        0x2 
 .text._ZNSt7__cxx1112basic_stringIcSt11char_traitsIcESaIcEE9_M_createERjj
                0x000000000800b704       0x44 c:/st/stm32cubeide_1.11.0/stm32cubeide/plugins/com.st.stm32cube.ide.mcu.externaltools.gnu-tools-for-stm32.10.3-2021.10.win32_1.0.100.202210260954/tools/bin/../lib/gcc/arm-none-eabi/10.3.1/../../../../arm-none-eabi/lib/thumb/v7e-m+fp/hard\libstdc++_nano.a(string-inst.o)
                0x000000000800b704                std::__cxx11::basic_string<char, std::char_traits<char>, std::allocator<char> >::_M_create(unsigned int&, unsigned int)
 .text._ZNSt7__cxx1112basic_stringIcSt11char_traitsIcESaIcEE10_M_disposeEv
                0x000000000800b748       0x10 c:/st/stm32cubeide_1.11.0/stm32cubeide/plugins/com.st.stm32cube.ide.mcu.externaltools.gnu-tools-for-stm32.10.3-2021.10.win32_1.0.100.202210260954/tools/bin/../lib/gcc/arm-none-eabi/10.3.1/../../../../arm-none-eabi/lib/thumb/v7e-m+fp/hard\libstdc++_nano.a(string-inst.o)
                0x000000000800b748                std::__cxx11::basic_string<char, std::char_traits<char>, std::allocator<char> >::_M_dispose()
 .text._ZNKSt7__cxx1112basic_stringIcSt11char_traitsIcESaIcEE15_M_check_lengthEjjPKc
                0x000000000800b758       0x18 c:/st/stm32cubeide_1.11.0/stm32cubeide/plugins/com.st.stm32cube.ide.mcu.externaltools.gnu-tools-for-stm32.10.3-2021.10.win32_1.0.100.202210260954/tools/bin/../lib/gcc/arm-none-eabi/10.3.1/../../../../arm-none-eabi/lib/thumb/v7e-m+fp/hard\libstdc++_nano.a(string-inst.o)
                0x000000000800b758                std::__cxx11::basic_string<char, std::char_traits<char>, std::allocator<char> >::_M_check_length(unsigned int, unsigned int, char const*) const
 .text._ZNSt7__cxx1112basic_stringIcSt11char_traitsIcESaIcEE7_S_copyEPcPKcj
                0x000000000800b770       0x18 c:/st/stm32cubeide_1.11.0/stm32cubeide/plugins/com.st.stm32cube.ide.mcu.externaltools.gnu-tools-for-stm32.10.3-2021.10.win32_1.0.100.202210260954/tools/bin/../lib/gcc/arm-none-eabi/10.3.1/../../../../arm-none-eabi/lib/thumb/v7e-m+fp/hard\libstdc++_nano.a(string-inst.o)
                0x000000000800b770                std::__cxx11::basic_string<char, std::char_traits<char>, std::allocator<char> >::_S_copy(char*, char const*, unsigned int)
 .text._ZNSt7__cxx1112basic_stringIcSt11char_traitsIcESaIcEE9_S_assignEPcjc
                0x000000000800b788       0x22 c:/st/stm32cubeide_1.11.0/stm32cubeide/plugins/com.st.stm32cube.ide.mcu.externaltools.gnu-tools-for-stm32.10.3-2021.10.win32_1.0.100.202210260954/tools/bin/../lib/gcc/arm-none-eabi/10.3.1/../../../../arm-none-eabi/lib/thumb/v7e-m+fp/hard\libstdc++_nano.a(string-inst.o)
                0x000000000800b788                std::__cxx11::basic_string<char, std::char_traits<char>, std::allocator<char> >::_S_assign(char*, unsigned int, char)
 .text._ZNSt7__cxx1112basic_stringIcSt11char_traitsIcESaIcEE12_M_constructEjc
                0x000000000800b7aa       0x34 c:/st/stm32cubeide_1.11.0/stm32cubeide/plugins/com.st.stm32cube.ide.mcu.externaltools.gnu-tools-for-stm32.10.3-2021.10.win32_1.0.100.202210260954/tools/bin/../lib/gcc/arm-none-eabi/10.3.1/../../../../arm-none-eabi/lib/thumb/v7e-m+fp/hard\libstdc++_nano.a(string-inst.o)
                0x000000000800b7aa                std::__cxx11::basic_string<char, std::char_traits<char>, std::allocator<char> >::_M_construct(unsigned int, char)
 .text._ZNSt7__cxx1112basic_stringIcSt11char_traitsIcESaIcEE13_S_copy_charsEPcS5_S5_
                0x000000000800b7de        0xa c:/st/stm32cubeide_1.11.0/stm32cubeide/plugins/com.st.stm32cube.ide.mcu.externaltools.gnu-tools-for-stm32.10.3-2021.10.win32_1.0.100.202210260954/tools/bin/../lib/gcc/arm-none-eabi/10.3.1/../../../../arm-none-eabi/lib/thumb/v7e-m+fp/hard\libstdc++_nano.a(string-inst.o)
                0x000000000800b7de                std::__cxx11::basic_string<char, std::char_traits<char>, std::allocator<char> >::_S_copy_chars(char*, char*, char*)
 .text._ZNSt7__cxx1112basic_stringIcSt11char_traitsIcESaIcEE13_S_copy_charsEPcPKcS7_
                0x000000000800b7e8        0xa c:/st/stm32cubeide_1.11.0/stm32cubeide/plugins/com.st.stm32cube.ide.mcu.externaltools.gnu-tools-for-stm32.10.3-2021.10.win32_1.0.100.202210260954/tools/bin/../lib/gcc/arm-none-eabi/10.3.1/../../../../arm-none-eabi/lib/thumb/v7e-m+fp/hard\libstdc++_nano.a(string-inst.o)
                0x000000000800b7e8                std::__cxx11::basic_string<char, std::char_traits<char>, std::allocator<char> >::_S_copy_chars(char*, char const*, char const*)
 .text._ZNSt7__cxx1112basic_stringIcSt11char_traitsIcESaIcEE9_M_mutateEjjPKcj
                0x000000000800b7f2       0x78 c:/st/stm32cubeide_1.11.0/stm32cubeide/plugins/com.st.stm32cube.ide.mcu.externaltools.gnu-tools-for-stm32.10.3-2021.10.win32_1.0.100.202210260954/tools/bin/../lib/gcc/arm-none-eabi/10.3.1/../../../../arm-none-eabi/lib/thumb/v7e-m+fp/hard\libstdc++_nano.a(string-inst.o)
                0x000000000800b7f2                std::__cxx11::basic_string<char, std::char_traits<char>, std::allocator<char> >::_M_mutate(unsigned int, unsigned int, char const*, unsigned int)
 .text._ZNSt7__cxx1112basic_stringIcSt11char_traitsIcESaIcEEC2Ev
                0x000000000800b86a        0xe c:/st/stm32cubeide_1.11.0/stm32cubeide/plugins/com.st.stm32cube.ide.mcu.externaltools.gnu-tools-for-stm32.10.3-2021.10.win32_1.0.100.202210260954/tools/bin/../lib/gcc/arm-none-eabi/10.3.1/../../../../arm-none-eabi/lib/thumb/v7e-m+fp/hard\libstdc++_nano.a(string-inst.o)
                0x000000000800b86a                std::__cxx11::basic_string<char, std::char_traits<char>, std::allocator<char> >::basic_string()
                0x000000000800b86a                std::__cxx11::basic_string<char, std::char_traits<char>, std::allocator<char> >::basic_string()
 .text._ZNSt7__cxx1112basic_stringIcSt11char_traitsIcESaIcEEC2EjcRKS3_
                0x000000000800b878       0x12 c:/st/stm32cubeide_1.11.0/stm32cubeide/plugins/com.st.stm32cube.ide.mcu.externaltools.gnu-tools-for-stm32.10.3-2021.10.win32_1.0.100.202210260954/tools/bin/../lib/gcc/arm-none-eabi/10.3.1/../../../../arm-none-eabi/lib/thumb/v7e-m+fp/hard\libstdc++_nano.a(string-inst.o)
                0x000000000800b878                std::__cxx11::basic_string<char, std::char_traits<char>, std::allocator<char> >::basic_string(unsigned int, char, std::allocator<char> const&)
                0x000000000800b878                std::__cxx11::basic_string<char, std::char_traits<char>, std::allocator<char> >::basic_string(unsigned int, char, std::allocator<char> const&)
 .text._ZNSt7__cxx1112basic_stringIcSt11char_traitsIcESaIcEED2Ev
                0x000000000800b88a        0xc c:/st/stm32cubeide_1.11.0/stm32cubeide/plugins/com.st.stm32cube.ide.mcu.externaltools.gnu-tools-for-stm32.10.3-2021.10.win32_1.0.100.202210260954/tools/bin/../lib/gcc/arm-none-eabi/10.3.1/../../../../arm-none-eabi/lib/thumb/v7e-m+fp/hard\libstdc++_nano.a(string-inst.o)
                0x000000000800b88a                std::__cxx11::basic_string<char, std::char_traits<char>, std::allocator<char> >::~basic_string()
                0x000000000800b88a                std::__cxx11::basic_string<char, std::char_traits<char>, std::allocator<char> >::~basic_string()
 .text._ZNKSt7__cxx1112basic_stringIcSt11char_traitsIcESaIcEE4sizeEv
                0x000000000800b896        0x4 c:/st/stm32cubeide_1.11.0/stm32cubeide/plugins/com.st.stm32cube.ide.mcu.externaltools.gnu-tools-for-stm32.10.3-2021.10.win32_1.0.100.202210260954/tools/bin/../lib/gcc/arm-none-eabi/10.3.1/../../../../arm-none-eabi/lib/thumb/v7e-m+fp/hard\libstdc++_nano.a(string-inst.o)
                0x000000000800b896                std::__cxx11::basic_string<char, std::char_traits<char>, std::allocator<char> >::size() const
 .text._ZNKSt7__cxx1112basic_stringIcSt11char_traitsIcESaIcEEixEj
                0x000000000800b89a        0x6 c:/st/stm32cubeide_1.11.0/stm32cubeide/plugins/com.st.stm32cube.ide.mcu.externaltools.gnu-tools-for-stm32.10.3-2021.10.win32_1.0.100.202210260954/tools/bin/../lib/gcc/arm-none-eabi/10.3.1/../../../../arm-none-eabi/lib/thumb/v7e-m+fp/hard\libstdc++_nano.a(string-inst.o)
                0x000000000800b89a                std::__cxx11::basic_string<char, std::char_traits<char>, std::allocator<char> >::operator[](unsigned int) const
 .text._ZNSt7__cxx1112basic_stringIcSt11char_traitsIcESaIcEEixEj
                0x000000000800b8a0        0x6 c:/st/stm32cubeide_1.11.0/stm32cubeide/plugins/com.st.stm32cube.ide.mcu.externaltools.gnu-tools-for-stm32.10.3-2021.10.win32_1.0.100.202210260954/tools/bin/../lib/gcc/arm-none-eabi/10.3.1/../../../../arm-none-eabi/lib/thumb/v7e-m+fp/hard\libstdc++_nano.a(string-inst.o)
                0x000000000800b8a0                std::__cxx11::basic_string<char, std::char_traits<char>, std::allocator<char> >::operator[](unsigned int)
 .text._ZNSt7__cxx1112basic_stringIcSt11char_traitsIcESaIcEE9_M_appendEPKcj
                0x000000000800b8a6       0x44 c:/st/stm32cubeide_1.11.0/stm32cubeide/plugins/com.st.stm32cube.ide.mcu.externaltools.gnu-tools-for-stm32.10.3-2021.10.win32_1.0.100.202210260954/tools/bin/../lib/gcc/arm-none-eabi/10.3.1/../../../../arm-none-eabi/lib/thumb/v7e-m+fp/hard\libstdc++_nano.a(string-inst.o)
                0x000000000800b8a6                std::__cxx11::basic_string<char, std::char_traits<char>, std::allocator<char> >::_M_append(char const*, unsigned int)
 .text._ZNSt7__cxx1112basic_stringIcSt11char_traitsIcESaIcEE6appendERKS4_
                0x000000000800b8ea        0xc c:/st/stm32cubeide_1.11.0/stm32cubeide/plugins/com.st.stm32cube.ide.mcu.externaltools.gnu-tools-for-stm32.10.3-2021.10.win32_1.0.100.202210260954/tools/bin/../lib/gcc/arm-none-eabi/10.3.1/../../../../arm-none-eabi/lib/thumb/v7e-m+fp/hard\libstdc++_nano.a(string-inst.o)
                0x000000000800b8ea                std::__cxx11::basic_string<char, std::char_traits<char>, std::allocator<char> >::append(std::__cxx11::basic_string<char, std::char_traits<char>, std::allocator<char> > const&)
 .text._ZNSt7__cxx1112basic_stringIcSt11char_traitsIcESaIcEEpLERKS4_
                0x000000000800b8f6        0x8 c:/st/stm32cubeide_1.11.0/stm32cubeide/plugins/com.st.stm32cube.ide.mcu.externaltools.gnu-tools-for-stm32.10.3-2021.10.win32_1.0.100.202210260954/tools/bin/../lib/gcc/arm-none-eabi/10.3.1/../../../../arm-none-eabi/lib/thumb/v7e-m+fp/hard\libstdc++_nano.a(string-inst.o)
                0x000000000800b8f6                std::__cxx11::basic_string<char, std::char_traits<char>, std::allocator<char> >::operator+=(std::__cxx11::basic_string<char, std::char_traits<char>, std::allocator<char> > const&)
 *fill*         0x000000000800b8fe        0x2 
 .text._ZNSt7__cxx1112basic_stringIcSt11char_traitsIcESaIcEE6appendEPKc
                0x000000000800b900       0x2c c:/st/stm32cubeide_1.11.0/stm32cubeide/plugins/com.st.stm32cube.ide.mcu.externaltools.gnu-tools-for-stm32.10.3-2021.10.win32_1.0.100.202210260954/tools/bin/../lib/gcc/arm-none-eabi/10.3.1/../../../../arm-none-eabi/lib/thumb/v7e-m+fp/hard\libstdc++_nano.a(string-inst.o)
                0x000000000800b900                std::__cxx11::basic_string<char, std::char_traits<char>, std::allocator<char> >::append(char const*)
 .text._ZNSt7__cxx1112basic_stringIcSt11char_traitsIcESaIcEEpLEPKc
                0x000000000800b92c        0x8 c:/st/stm32cubeide_1.11.0/stm32cubeide/plugins/com.st.stm32cube.ide.mcu.externaltools.gnu-tools-for-stm32.10.3-2021.10.win32_1.0.100.202210260954/tools/bin/../lib/gcc/arm-none-eabi/10.3.1/../../../../arm-none-eabi/lib/thumb/v7e-m+fp/hard\libstdc++_nano.a(string-inst.o)
                0x000000000800b92c                std::__cxx11::basic_string<char, std::char_traits<char>, std::allocator<char> >::operator+=(char const*)
 .text._ZNSt7__cxx1112basic_stringIcSt11char_traitsIcESaIcEE12_M_constructIPcEEvT_S7_St20forward_iterator_tag
                0x000000000800b934       0x48 c:/st/stm32cubeide_1.11.0/stm32cubeide/plugins/com.st.stm32cube.ide.mcu.externaltools.gnu-tools-for-stm32.10.3-2021.10.win32_1.0.100.202210260954/tools/bin/../lib/gcc/arm-none-eabi/10.3.1/../../../../arm-none-eabi/lib/thumb/v7e-m+fp/hard\libstdc++_nano.a(string-inst.o)
                0x000000000800b934                void std::__cxx11::basic_string<char, std::char_traits<char>, std::allocator<char> >::_M_construct<char*>(char*, char*, std::forward_iterator_tag)
 .text._ZNSt7__cxx1112basic_stringIcSt11char_traitsIcESaIcEEC2ERKS4_
                0x000000000800b97c       0x1e c:/st/stm32cubeide_1.11.0/stm32cubeide/plugins/com.st.stm32cube.ide.mcu.externaltools.gnu-tools-for-stm32.10.3-2021.10.win32_1.0.100.202210260954/tools/bin/../lib/gcc/arm-none-eabi/10.3.1/../../../../arm-none-eabi/lib/thumb/v7e-m+fp/hard\libstdc++_nano.a(string-inst.o)
                0x000000000800b97c                std::__cxx11::basic_string<char, std::char_traits<char>, std::allocator<char> >::basic_string(std::__cxx11::basic_string<char, std::char_traits<char>, std::allocator<char> > const&)
                0x000000000800b97c                std::__cxx11::basic_string<char, std::char_traits<char>, std::allocator<char> >::basic_string(std::__cxx11::basic_string<char, std::char_traits<char>, std::allocator<char> > const&)
 *fill*         0x000000000800b99a        0x2 
 .text._ZNSt7__cxx1112basic_stringIcSt11char_traitsIcESaIcEE12_M_constructIPKcEEvT_S8_St20forward_iterator_tag
                0x000000000800b99c       0x48 c:/st/stm32cubeide_1.11.0/stm32cubeide/plugins/com.st.stm32cube.ide.mcu.externaltools.gnu-tools-for-stm32.10.3-2021.10.win32_1.0.100.202210260954/tools/bin/../lib/gcc/arm-none-eabi/10.3.1/../../../../arm-none-eabi/lib/thumb/v7e-m+fp/hard\libstdc++_nano.a(string-inst.o)
                0x000000000800b99c                void std::__cxx11::basic_string<char, std::char_traits<char>, std::allocator<char> >::_M_construct<char const*>(char const*, char const*, std::forward_iterator_tag)
 .text._ZNSt7__cxx1112basic_stringIcSt11char_traitsIcESaIcEEC2EPKcRKS3_
                0x000000000800b9e4       0x2a c:/st/stm32cubeide_1.11.0/stm32cubeide/plugins/com.st.stm32cube.ide.mcu.externaltools.gnu-tools-for-stm32.10.3-2021.10.win32_1.0.100.202210260954/tools/bin/../lib/gcc/arm-none-eabi/10.3.1/../../../../arm-none-eabi/lib/thumb/v7e-m+fp/hard\libstdc++_nano.a(string-inst.o)
                0x000000000800b9e4                std::__cxx11::basic_string<char, std::char_traits<char>, std::allocator<char> >::basic_string(char const*, std::allocator<char> const&)
                0x000000000800b9e4                std::__cxx11::basic_string<char, std::char_traits<char>, std::allocator<char> >::basic_string(char const*, std::allocator<char> const&)
 .text._ZdlPv   0x000000000800ba0e        0x4 c:/st/stm32cubeide_1.11.0/stm32cubeide/plugins/com.st.stm32cube.ide.mcu.externaltools.gnu-tools-for-stm32.10.3-2021.10.win32_1.0.100.202210260954/tools/bin/../lib/gcc/arm-none-eabi/10.3.1/../../../../arm-none-eabi/lib/thumb/v7e-m+fp/hard\libstdc++_nano.a(del_op.o)
                0x000000000800ba0e                operator delete(void*)
 .text._ZN10__cxxabiv111__terminateEPFvvE
                0x000000000800ba12        0x8 c:/st/stm32cubeide_1.11.0/stm32cubeide/plugins/com.st.stm32cube.ide.mcu.externaltools.gnu-tools-for-stm32.10.3-2021.10.win32_1.0.100.202210260954/tools/bin/../lib/gcc/arm-none-eabi/10.3.1/../../../../arm-none-eabi/lib/thumb/v7e-m+fp/hard\libstdc++_nano.a(eh_terminate.o)
                0x000000000800ba12                __cxxabiv1::__terminate(void (*)())
 *fill*         0x000000000800ba1a        0x2 
 .text._ZSt13get_terminatev
                0x000000000800ba1c       0x10 c:/st/stm32cubeide_1.11.0/stm32cubeide/plugins/com.st.stm32cube.ide.mcu.externaltools.gnu-tools-for-stm32.10.3-2021.10.win32_1.0.100.202210260954/tools/bin/../lib/gcc/arm-none-eabi/10.3.1/../../../../arm-none-eabi/lib/thumb/v7e-m+fp/hard\libstdc++_nano.a(eh_terminate.o)
                0x000000000800ba1c                std::get_terminate()
 .text._ZSt9terminatev
                0x000000000800ba2c        0xa c:/st/stm32cubeide_1.11.0/stm32cubeide/plugins/com.st.stm32cube.ide.mcu.externaltools.gnu-tools-for-stm32.10.3-2021.10.win32_1.0.100.202210260954/tools/bin/../lib/gcc/arm-none-eabi/10.3.1/../../../../arm-none-eabi/lib/thumb/v7e-m+fp/hard\libstdc++_nano.a(eh_terminate.o)
                0x000000000800ba2c                std::terminate()
 *fill*         0x000000000800ba36        0x2 
 .text._ZSt15get_new_handlerv
                0x000000000800ba38       0x10 c:/st/stm32cubeide_1.11.0/stm32cubeide/plugins/com.st.stm32cube.ide.mcu.externaltools.gnu-tools-for-stm32.10.3-2021.10.win32_1.0.100.202210260954/tools/bin/../lib/gcc/arm-none-eabi/10.3.1/../../../../arm-none-eabi/lib/thumb/v7e-m+fp/hard\libstdc++_nano.a(new_handler.o)
                0x000000000800ba38                std::get_new_handler()
 .text.unlikely._ZSt17__throw_bad_allocv
                0x000000000800ba48        0x6 c:/st/stm32cubeide_1.11.0/stm32cubeide/plugins/com.st.stm32cube.ide.mcu.externaltools.gnu-tools-for-stm32.10.3-2021.10.win32_1.0.100.202210260954/tools/bin/../lib/gcc/arm-none-eabi/10.3.1/../../../../arm-none-eabi/lib/thumb/v7e-m+fp/hard\libstdc++_nano.a(functexcept.o)
                0x000000000800ba48                std::__throw_bad_alloc()
 .text.unlikely._ZSt19__throw_logic_errorPKc
                0x000000000800ba4e        0x6 c:/st/stm32cubeide_1.11.0/stm32cubeide/plugins/com.st.stm32cube.ide.mcu.externaltools.gnu-tools-for-stm32.10.3-2021.10.win32_1.0.100.202210260954/tools/bin/../lib/gcc/arm-none-eabi/10.3.1/../../../../arm-none-eabi/lib/thumb/v7e-m+fp/hard\libstdc++_nano.a(functexcept.o)
                0x000000000800ba4e                std::__throw_logic_error(char const*)
 .text.unlikely._ZSt20__throw_length_errorPKc
                0x000000000800ba54        0x6 c:/st/stm32cubeide_1.11.0/stm32cubeide/plugins/com.st.stm32cube.ide.mcu.externaltools.gnu-tools-for-stm32.10.3-2021.10.win32_1.0.100.202210260954/tools/bin/../lib/gcc/arm-none-eabi/10.3.1/../../../../arm-none-eabi/lib/thumb/v7e-m+fp/hard\libstdc++_nano.a(functexcept.o)
                0x000000000800ba54                std::__throw_length_error(char const*)
 .text.abort    0x000000000800ba5a        0xe c:/st/stm32cubeide_1.11.0/stm32cubeide/plugins/com.st.stm32cube.ide.mcu.externaltools.gnu-tools-for-stm32.10.3-2021.10.win32_1.0.100.202210260954/tools/bin/../lib/gcc/arm-none-eabi/10.3.1/../../../../arm-none-eabi/lib/thumb/v7e-m+fp/hard\libc_nano.a(lib_a-abort.o)
                0x000000000800ba5a                abort
 .text.__errno  0x000000000800ba68        0xc c:/st/stm32cubeide_1.11.0/stm32cubeide/plugins/com.st.stm32cube.ide.mcu.externaltools.gnu-tools-for-stm32.10.3-2021.10.win32_1.0.100.202210260954/tools/bin/../lib/gcc/arm-none-eabi/10.3.1/../../../../arm-none-eabi/lib/thumb/v7e-m+fp/hard\libc_nano.a(lib_a-errno.o)
                0x000000000800ba68                __errno
 .text.__libc_init_array
                0x000000000800ba74       0x48 c:/st/stm32cubeide_1.11.0/stm32cubeide/plugins/com.st.stm32cube.ide.mcu.externaltools.gnu-tools-for-stm32.10.3-2021.10.win32_1.0.100.202210260954/tools/bin/../lib/gcc/arm-none-eabi/10.3.1/../../../../arm-none-eabi/lib/thumb/v7e-m+fp/hard\libc_nano.a(lib_a-init.o)
                0x000000000800ba74                __libc_init_array
 .text.malloc   0x000000000800babc       0x10 c:/st/stm32cubeide_1.11.0/stm32cubeide/plugins/com.st.stm32cube.ide.mcu.externaltools.gnu-tools-for-stm32.10.3-2021.10.win32_1.0.100.202210260954/tools/bin/../lib/gcc/arm-none-eabi/10.3.1/../../../../arm-none-eabi/lib/thumb/v7e-m+fp/hard\libc_nano.a(lib_a-malloc.o)
                0x000000000800babc                malloc
 .text.free     0x000000000800bacc       0x10 c:/st/stm32cubeide_1.11.0/stm32cubeide/plugins/com.st.stm32cube.ide.mcu.externaltools.gnu-tools-for-stm32.10.3-2021.10.win32_1.0.100.202210260954/tools/bin/../lib/gcc/arm-none-eabi/10.3.1/../../../../arm-none-eabi/lib/thumb/v7e-m+fp/hard\libc_nano.a(lib_a-malloc.o)
                0x000000000800bacc                free
 .text.memcpy   0x000000000800badc       0x1c c:/st/stm32cubeide_1.11.0/stm32cubeide/plugins/com.st.stm32cube.ide.mcu.externaltools.gnu-tools-for-stm32.10.3-2021.10.win32_1.0.100.202210260954/tools/bin/../lib/gcc/arm-none-eabi/10.3.1/../../../../arm-none-eabi/lib/thumb/v7e-m+fp/hard\libc_nano.a(lib_a-memcpy-stub.o)
                0x000000000800badc                memcpy
 .text.memset   0x000000000800baf8       0x10 c:/st/stm32cubeide_1.11.0/stm32cubeide/plugins/com.st.stm32cube.ide.mcu.externaltools.gnu-tools-for-stm32.10.3-2021.10.win32_1.0.100.202210260954/tools/bin/../lib/gcc/arm-none-eabi/10.3.1/../../../../arm-none-eabi/lib/thumb/v7e-m+fp/hard\libc_nano.a(lib_a-memset.o)
                0x000000000800baf8                memset
 .text._free_r  0x000000000800bb08       0x98 c:/st/stm32cubeide_1.11.0/stm32cubeide/plugins/com.st.stm32cube.ide.mcu.externaltools.gnu-tools-for-stm32.10.3-2021.10.win32_1.0.100.202210260954/tools/bin/../lib/gcc/arm-none-eabi/10.3.1/../../../../arm-none-eabi/lib/thumb/v7e-m+fp/hard\libc_nano.a(lib_a-nano-freer.o)
                0x000000000800bb08                _free_r
 .text.sbrk_aligned
                0x000000000800bba0       0x40 c:/st/stm32cubeide_1.11.0/stm32cubeide/plugins/com.st.stm32cube.ide.mcu.externaltools.gnu-tools-for-stm32.10.3-2021.10.win32_1.0.100.202210260954/tools/bin/../lib/gcc/arm-none-eabi/10.3.1/../../../../arm-none-eabi/lib/thumb/v7e-m+fp/hard\libc_nano.a(lib_a-nano-mallocr.o)
 .text._malloc_r
                0x000000000800bbe0       0xe8 c:/st/stm32cubeide_1.11.0/stm32cubeide/plugins/com.st.stm32cube.ide.mcu.externaltools.gnu-tools-for-stm32.10.3-2021.10.win32_1.0.100.202210260954/tools/bin/../lib/gcc/arm-none-eabi/10.3.1/../../../../arm-none-eabi/lib/thumb/v7e-m+fp/hard\libc_nano.a(lib_a-nano-mallocr.o)
                0x000000000800bbe0                _malloc_r
 .text._sbrk_r  0x000000000800bcc8       0x20 c:/st/stm32cubeide_1.11.0/stm32cubeide/plugins/com.st.stm32cube.ide.mcu.externaltools.gnu-tools-for-stm32.10.3-2021.10.win32_1.0.100.202210260954/tools/bin/../lib/gcc/arm-none-eabi/10.3.1/../../../../arm-none-eabi/lib/thumb/v7e-m+fp/hard\libc_nano.a(lib_a-sbrkr.o)
                0x000000000800bcc8                _sbrk_r
 .text._raise_r
                0x000000000800bce8       0x50 c:/st/stm32cubeide_1.11.0/stm32cubeide/plugins/com.st.stm32cube.ide.mcu.externaltools.gnu-tools-for-stm32.10.3-2021.10.win32_1.0.100.202210260954/tools/bin/../lib/gcc/arm-none-eabi/10.3.1/../../../../arm-none-eabi/lib/thumb/v7e-m+fp/hard\libc_nano.a(lib_a-signal.o)
                0x000000000800bce8                _raise_r
 .text.raise    0x000000000800bd38       0x10 c:/st/stm32cubeide_1.11.0/stm32cubeide/plugins/com.st.stm32cube.ide.mcu.externaltools.gnu-tools-for-stm32.10.3-2021.10.win32_1.0.100.202210260954/tools/bin/../lib/gcc/arm-none-eabi/10.3.1/../../../../arm-none-eabi/lib/thumb/v7e-m+fp/hard\libc_nano.a(lib_a-signal.o)
                0x000000000800bd38                raise
 .text._kill_r  0x000000000800bd48       0x24 c:/st/stm32cubeide_1.11.0/stm32cubeide/plugins/com.st.stm32cube.ide.mcu.externaltools.gnu-tools-for-stm32.10.3-2021.10.win32_1.0.100.202210260954/tools/bin/../lib/gcc/arm-none-eabi/10.3.1/../../../../arm-none-eabi/lib/thumb/v7e-m+fp/hard\libc_nano.a(lib_a-signalr.o)
                0x000000000800bd48                _kill_r
 .text._getpid_r
                0x000000000800bd6c        0x4 c:/st/stm32cubeide_1.11.0/stm32cubeide/plugins/com.st.stm32cube.ide.mcu.externaltools.gnu-tools-for-stm32.10.3-2021.10.win32_1.0.100.202210260954/tools/bin/../lib/gcc/arm-none-eabi/10.3.1/../../../../arm-none-eabi/lib/thumb/v7e-m+fp/hard\libc_nano.a(lib_a-signalr.o)
                0x000000000800bd6c                _getpid_r
 .text.__malloc_lock
                0x000000000800bd70        0xc c:/st/stm32cubeide_1.11.0/stm32cubeide/plugins/com.st.stm32cube.ide.mcu.externaltools.gnu-tools-for-stm32.10.3-2021.10.win32_1.0.100.202210260954/tools/bin/../lib/gcc/arm-none-eabi/10.3.1/../../../../arm-none-eabi/lib/thumb/v7e-m+fp/hard\libc_nano.a(lib_a-mlock.o)
                0x000000000800bd70                __malloc_lock
 .text.__malloc_unlock
                0x000000000800bd7c        0xc c:/st/stm32cubeide_1.11.0/stm32cubeide/plugins/com.st.stm32cube.ide.mcu.externaltools.gnu-tools-for-stm32.10.3-2021.10.win32_1.0.100.202210260954/tools/bin/../lib/gcc/arm-none-eabi/10.3.1/../../../../arm-none-eabi/lib/thumb/v7e-m+fp/hard\libc_nano.a(lib_a-mlock.o)
                0x000000000800bd7c                __malloc_unlock
 .text.__retarget_lock_acquire_recursive
                0x000000000800bd88        0x2 c:/st/stm32cubeide_1.11.0/stm32cubeide/plugins/com.st.stm32cube.ide.mcu.externaltools.gnu-tools-for-stm32.10.3-2021.10.win32_1.0.100.202210260954/tools/bin/../lib/gcc/arm-none-eabi/10.3.1/../../../../arm-none-eabi/lib/thumb/v7e-m+fp/hard\libc_nano.a(lib_a-lock.o)
                0x000000000800bd88                __retarget_lock_acquire_recursive
 .text.__retarget_lock_release_recursive
                0x000000000800bd8a        0x2 c:/st/stm32cubeide_1.11.0/stm32cubeide/plugins/com.st.stm32cube.ide.mcu.externaltools.gnu-tools-for-stm32.10.3-2021.10.win32_1.0.100.202210260954/tools/bin/../lib/gcc/arm-none-eabi/10.3.1/../../../../arm-none-eabi/lib/thumb/v7e-m+fp/hard\libc_nano.a(lib_a-lock.o)
                0x000000000800bd8a                __retarget_lock_release_recursive
 *(.glue_7)
 .glue_7        0x000000000800bd8c        0x0 linker stubs
 *(.glue_7t)
 .glue_7t       0x000000000800bd8c        0x0 linker stubs
 *(.eh_frame)
 .eh_frame      0x000000000800bd8c        0x0 c:/st/stm32cubeide_1.11.0/stm32cubeide/plugins/com.st.stm32cube.ide.mcu.externaltools.gnu-tools-for-stm32.10.3-2021.10.win32_1.0.100.202210260954/tools/bin/../lib/gcc/arm-none-eabi/10.3.1/thumb/v7e-m+fp/hard/crtbegin.o
 *(.init)
 .init          0x000000000800bd8c        0x4 c:/st/stm32cubeide_1.11.0/stm32cubeide/plugins/com.st.stm32cube.ide.mcu.externaltools.gnu-tools-for-stm32.10.3-2021.10.win32_1.0.100.202210260954/tools/bin/../lib/gcc/arm-none-eabi/10.3.1/thumb/v7e-m+fp/hard/crti.o
                0x000000000800bd8c                _init
 .init          0x000000000800bd90        0x8 c:/st/stm32cubeide_1.11.0/stm32cubeide/plugins/com.st.stm32cube.ide.mcu.externaltools.gnu-tools-for-stm32.10.3-2021.10.win32_1.0.100.202210260954/tools/bin/../lib/gcc/arm-none-eabi/10.3.1/thumb/v7e-m+fp/hard/crtn.o
 *(.fini)
 .fini          0x000000000800bd98        0x4 c:/st/stm32cubeide_1.11.0/stm32cubeide/plugins/com.st.stm32cube.ide.mcu.externaltools.gnu-tools-for-stm32.10.3-2021.10.win32_1.0.100.202210260954/tools/bin/../lib/gcc/arm-none-eabi/10.3.1/thumb/v7e-m+fp/hard/crti.o
                0x000000000800bd98                _fini
 .fini          0x000000000800bd9c        0x8 c:/st/stm32cubeide_1.11.0/stm32cubeide/plugins/com.st.stm32cube.ide.mcu.externaltools.gnu-tools-for-stm32.10.3-2021.10.win32_1.0.100.202210260954/tools/bin/../lib/gcc/arm-none-eabi/10.3.1/thumb/v7e-m+fp/hard/crtn.o
                0x000000000800bda4                . = ALIGN (0x4)
                0x000000000800bda4                _etext = .

.vfp11_veneer   0x000000000800bda4        0x0
 .vfp11_veneer  0x000000000800bda4        0x0 linker stubs

.v4_bx          0x000000000800bda4        0x0
 .v4_bx         0x000000000800bda4        0x0 linker stubs

.iplt           0x000000000800bda4        0x0
 .iplt          0x000000000800bda4        0x0 c:/st/stm32cubeide_1.11.0/stm32cubeide/plugins/com.st.stm32cube.ide.mcu.externaltools.gnu-tools-for-stm32.10.3-2021.10.win32_1.0.100.202210260954/tools/bin/../lib/gcc/arm-none-eabi/10.3.1/thumb/v7e-m+fp/hard/crtbegin.o

.rodata         0x000000000800bda4     0x13f0
                0x000000000800bda4                . = ALIGN (0x4)
 *(.rodata)
 .rodata        0x000000000800bda4      0x9b0 ./Core/Src/skocko.o
 *(.rodata*)
 .rodata.SkockoSymbols7x10
                0x000000000800c754       0xa0 ./Core/Src/font.o
                0x000000000800c754                SkockoSymbols7x10
 .rodata.Font7x10
                0x000000000800c7f4      0x76c ./Core/Src/font.o
                0x000000000800c7f4                Font7x10
 .rodata._ZTV4OLED
                0x000000000800cf60       0x14 ./Core/Src/oled.o
                0x000000000800cf60                vtable for OLED
 .rodata._ZTV7Display
                0x000000000800cf74       0x14 ./Core/Src/oled.o
                0x000000000800cf74                vtable for Display
 .rodata._ZL2sa
                0x000000000800cf88       0x12 ./Core/Src/sev_seg.o
 *fill*         0x000000000800cf9a        0x2 
 .rodata._ZL2sb
                0x000000000800cf9c       0x12 ./Core/Src/sev_seg.o
 *fill*         0x000000000800cfae        0x2 
 .rodata._ZL2sc
                0x000000000800cfb0       0x12 ./Core/Src/sev_seg.o
 *fill*         0x000000000800cfc2        0x2 
 .rodata._ZL2sd
                0x000000000800cfc4       0x12 ./Core/Src/sev_seg.o
 *fill*         0x000000000800cfd6        0x2 
 .rodata._ZL2se
                0x000000000800cfd8       0x12 ./Core/Src/sev_seg.o
 *fill*         0x000000000800cfea        0x2 
 .rodata._ZL2sf
                0x000000000800cfec       0x12 ./Core/Src/sev_seg.o
 *fill*         0x000000000800cffe        0x2 
 .rodata._ZL2sg
                0x000000000800d000       0x12 ./Core/Src/sev_seg.o
 *fill*         0x000000000800d012        0x2 
 .rodata._ZTV7SEV_SEG
                0x000000000800d014       0x14 ./Core/Src/sev_seg.o
                0x000000000800d014                vtable for SEV_SEG
 .rodata._ZZNSt8__detail18__to_chars_10_implIjEEvPcjT_E8__digits
                0x000000000800d028       0xc9 ./Core/Src/skocko.o
                0x000000000800d028                std::__detail::__to_chars_10_impl<unsigned int>(char*, unsigned int, unsigned int)::__digits
 *fill*         0x000000000800d0f1        0x3 
 .rodata.AHBPrescTable
                0x000000000800d0f4       0x10 ./Core/Src/system_stm32l4xx.o
                0x000000000800d0f4                AHBPrescTable
 .rodata.APBPrescTable
                0x000000000800d104        0x8 ./Core/Src/system_stm32l4xx.o
                0x000000000800d104                APBPrescTable
 .rodata.MSIRangeTable
                0x000000000800d10c       0x30 ./Core/Src/system_stm32l4xx.o
                0x000000000800d10c                MSIRangeTable
 .rodata._ZNSt7__cxx1112basic_stringIcSt11char_traitsIcESaIcEE9_M_createERjj.str1.1
                0x000000000800d13c       0x18 c:/st/stm32cubeide_1.11.0/stm32cubeide/plugins/com.st.stm32cube.ide.mcu.externaltools.gnu-tools-for-stm32.10.3-2021.10.win32_1.0.100.202210260954/tools/bin/../lib/gcc/arm-none-eabi/10.3.1/../../../../arm-none-eabi/lib/thumb/v7e-m+fp/hard\libstdc++_nano.a(string-inst.o)
 .rodata._ZNSt7__cxx1112basic_stringIcSt11char_traitsIcESaIcEE6appendERKS4_jj.str1.1
                0x000000000800d154       0x15 c:/st/stm32cubeide_1.11.0/stm32cubeide/plugins/com.st.stm32cube.ide.mcu.externaltools.gnu-tools-for-stm32.10.3-2021.10.win32_1.0.100.202210260954/tools/bin/../lib/gcc/arm-none-eabi/10.3.1/../../../../arm-none-eabi/lib/thumb/v7e-m+fp/hard\libstdc++_nano.a(string-inst.o)
 .rodata._ZNSt7__cxx1112basic_stringIcSt11char_traitsIcESaIcEE12_M_constructIPcEEvT_S7_St20forward_iterator_tag.str1.1
                0x000000000800d169       0x2a c:/st/stm32cubeide_1.11.0/stm32cubeide/plugins/com.st.stm32cube.ide.mcu.externaltools.gnu-tools-for-stm32.10.3-2021.10.win32_1.0.100.202210260954/tools/bin/../lib/gcc/arm-none-eabi/10.3.1/../../../../arm-none-eabi/lib/thumb/v7e-m+fp/hard\libstdc++_nano.a(string-inst.o)
                0x000000000800d194                . = ALIGN (0x4)
 *fill*         0x000000000800d193        0x1 

.ARM.extab      0x000000000800d194        0x0
                0x000000000800d194                . = ALIGN (0x4)
 *(.ARM.extab* .gnu.linkonce.armextab.*)
                0x000000000800d194                . = ALIGN (0x4)

.ARM            0x000000000800d194        0x8
                0x000000000800d194                . = ALIGN (0x4)
                0x000000000800d194                __exidx_start = .
 *(.ARM.exidx*)
 .ARM.exidx     0x000000000800d194        0x8 c:/st/stm32cubeide_1.11.0/stm32cubeide/plugins/com.st.stm32cube.ide.mcu.externaltools.gnu-tools-for-stm32.10.3-2021.10.win32_1.0.100.202210260954/tools/bin/../lib/gcc/arm-none-eabi/10.3.1/thumb/v7e-m+fp/hard\libgcc.a(_udivmoddi4.o)
                0x000000000800d19c                __exidx_end = .
                0x000000000800d19c                . = ALIGN (0x4)

.rel.dyn        0x000000000800d19c        0x0
 .rel.iplt      0x000000000800d19c        0x0 c:/st/stm32cubeide_1.11.0/stm32cubeide/plugins/com.st.stm32cube.ide.mcu.externaltools.gnu-tools-for-stm32.10.3-2021.10.win32_1.0.100.202210260954/tools/bin/../lib/gcc/arm-none-eabi/10.3.1/thumb/v7e-m+fp/hard/crtbegin.o

.preinit_array  0x000000000800d19c        0x0
                0x000000000800d19c                . = ALIGN (0x4)
                0x000000000800d19c                PROVIDE (__preinit_array_start = .)
 *(.preinit_array*)
                0x000000000800d19c                PROVIDE (__preinit_array_end = .)
                0x000000000800d19c                . = ALIGN (0x4)

.init_array     0x000000000800d19c        0x4
                0x000000000800d19c                . = ALIGN (0x4)
                0x000000000800d19c                PROVIDE (__init_array_start = .)
 *(SORT_BY_NAME(.init_array.*))
 *(.init_array*)
 .init_array    0x000000000800d19c        0x4 c:/st/stm32cubeide_1.11.0/stm32cubeide/plugins/com.st.stm32cube.ide.mcu.externaltools.gnu-tools-for-stm32.10.3-2021.10.win32_1.0.100.202210260954/tools/bin/../lib/gcc/arm-none-eabi/10.3.1/thumb/v7e-m+fp/hard/crtbegin.o
                0x000000000800d1a0                PROVIDE (__init_array_end = .)
                0x000000000800d1a0                . = ALIGN (0x4)

.fini_array     0x000000000800d1a0        0x4
                0x000000000800d1a0                . = ALIGN (0x4)
                [!provide]                        PROVIDE (__fini_array_start = .)
 *(SORT_BY_NAME(.fini_array.*))
 *(.fini_array*)